Component: ARM Compiler 5.06 update 7 (build 960) Tool: armlink [4d3601]

==============================================================================

Section Cross References

    startup_stm32f103xb.o(RESET) refers to startup_stm32f103xb.o(STACK) for __initial_sp
    startup_stm32f103xb.o(RESET) refers to startup_stm32f103xb.o(.text) for Reset_Handler
    startup_stm32f103xb.o(RESET) refers to stm32f1xx_it.o(i.NMI_Handler) for NMI_Handler
    startup_stm32f103xb.o(RESET) refers to stm32f1xx_it.o(i.HardFault_Handler) for HardFault_Handler
    startup_stm32f103xb.o(RESET) refers to stm32f1xx_it.o(i.MemManage_Handler) for MemManage_Handler
    startup_stm32f103xb.o(RESET) refers to stm32f1xx_it.o(i.BusFault_Handler) for BusFault_Handler
    startup_stm32f103xb.o(RESET) refers to stm32f1xx_it.o(i.UsageFault_Handler) for UsageFault_Handler
    startup_stm32f103xb.o(RESET) refers to stm32f1xx_it.o(i.SVC_Handler) for SVC_Handler
    startup_stm32f103xb.o(RESET) refers to stm32f1xx_it.o(i.DebugMon_Handler) for DebugMon_Handler
    startup_stm32f103xb.o(RESET) refers to stm32f1xx_it.o(i.PendSV_Handler) for PendSV_Handler
    startup_stm32f103xb.o(RESET) refers to stm32f1xx_it.o(i.SysTick_Handler) for SysTick_Handler
    startup_stm32f103xb.o(RESET) refers to stm32f1xx_it.o(i.RTC_IRQHandler) for RTC_IRQHandler
    startup_stm32f103xb.o(RESET) refers to stm32f1xx_it.o(i.ADC1_2_IRQHandler) for ADC1_2_IRQHandler
    startup_stm32f103xb.o(RESET) refers to stm32f1xx_it.o(i.USART1_IRQHandler) for USART1_IRQHandler
    startup_stm32f103xb.o(RESET) refers to stm32f1xx_it.o(i.USART2_IRQHandler) for USART2_IRQHandler
    startup_stm32f103xb.o(RESET) refers to stm32f1xx_it.o(i.RTC_Alarm_IRQHandler) for RTC_Alarm_IRQHandler
    startup_stm32f103xb.o(.text) refers to system_stm32f1xx.o(i.SystemInit) for SystemInit
    startup_stm32f103xb.o(.text) refers to entry.o(.ARM.Collect$$$$00000000) for __main
    oled.o(i.OLED_Clear) refers to memseta.o(.text) for __aeabi_memclr
    oled.o(i.OLED_Clear) refers to oled.o(.bss) for .bss
    oled.o(i.OLED_Init) refers to stm32f1xx_hal.o(i.HAL_Delay) for HAL_Delay
    oled.o(i.OLED_Init) refers to oled.o(i.OLED_WriteCmd) for OLED_WriteCmd
    oled.o(i.OLED_Init) refers to oled.o(i.OLED_Clear) for OLED_Clear
    oled.o(i.OLED_Init) refers to oled.o(i.OLED_UpdateDisplay) for OLED_UpdateDisplay
    oled.o(i.OLED_ShowChar) refers to oled.o(.constdata) for .constdata
    oled.o(i.OLED_ShowChar) refers to oled.o(.bss) for .bss
    oled.o(i.OLED_ShowFloat) refers to ffixui.o(.text) for __aeabi_f2uiz
    oled.o(i.OLED_ShowFloat) refers to ffltui.o(.text) for __aeabi_ui2f
    oled.o(i.OLED_ShowFloat) refers to fadd.o(.text) for __aeabi_frsub
    oled.o(i.OLED_ShowFloat) refers to fmul.o(.text) for __aeabi_fmul
    oled.o(i.OLED_ShowFloat) refers to oled.o(i.OLED_ShowString) for OLED_ShowString
    oled.o(i.OLED_ShowNum) refers to oled.o(i.OLED_ShowString) for OLED_ShowString
    oled.o(i.OLED_ShowPercent) refers to oled.o(i.OLED_ShowNum) for OLED_ShowNum
    oled.o(i.OLED_ShowPercent) refers to oled.o(i.OLED_ShowString) for OLED_ShowString
    oled.o(i.OLED_ShowString) refers to oled.o(i.OLED_ShowChar) for OLED_ShowChar
    oled.o(i.OLED_UpdateDisplay) refers to oled.o(i.OLED_WriteCmd) for OLED_WriteCmd
    oled.o(i.OLED_UpdateDisplay) refers to stm32f1xx_hal_i2c.o(i.HAL_I2C_Mem_Write) for HAL_I2C_Mem_Write
    oled.o(i.OLED_UpdateDisplay) refers to oled.o(.bss) for .bss
    oled.o(i.OLED_UpdateDisplay) refers to i2c.o(.bss) for hi2c1
    oled.o(i.OLED_WriteCmd) refers to stm32f1xx_hal_i2c.o(i.HAL_I2C_Master_Transmit) for HAL_I2C_Master_Transmit
    oled.o(i.OLED_WriteCmd) refers to i2c.o(.bss) for hi2c1
    cw2015.o(i.CW2015_Init) refers to stm32f1xx_hal_i2c.o(i.HAL_I2C_DeInit) for HAL_I2C_DeInit
    cw2015.o(i.CW2015_Init) refers to stm32f1xx_hal_gpio.o(i.HAL_GPIO_DeInit) for HAL_GPIO_DeInit
    cw2015.o(i.CW2015_Init) refers to cw2015.o(i.SW_I2C_BusRecovery) for SW_I2C_BusRecovery
    cw2015.o(i.CW2015_Init) refers to stm32f1xx_hal.o(i.HAL_Delay) for HAL_Delay
    cw2015.o(i.CW2015_Init) refers to cw2015.o(i.CW2015_ScanAddr) for CW2015_ScanAddr
    cw2015.o(i.CW2015_Init) refers to cw2015.o(i.SW_I2C_WriteReg) for SW_I2C_WriteReg
    cw2015.o(i.CW2015_Init) refers to i2c.o(.bss) for hi2c2
    cw2015.o(i.CW2015_Init) refers to cw2015.o(.data) for .data
    cw2015.o(i.CW2015_ReadData) refers to cw2015.o(i.SW_I2C_ReadReg) for SW_I2C_ReadReg
    cw2015.o(i.CW2015_ReadData) refers to stm32f1xx_hal.o(i.HAL_Delay) for HAL_Delay
    cw2015.o(i.CW2015_ReadData) refers to cw2015.o(.data) for .data
    cw2015.o(i.CW2015_ScanAddr) refers to cw2015.o(i.SW_I2C_ReadReg) for SW_I2C_ReadReg
    cw2015.o(i.CW2015_ScanAddr) refers to stm32f1xx_hal.o(i.HAL_Delay) for HAL_Delay
    cw2015.o(i.CW2015_ScanAddr) refers to cw2015.o(i.SW_I2C_Start) for SW_I2C_Start
    cw2015.o(i.CW2015_ScanAddr) refers to cw2015.o(i.SW_I2C_SendByte) for SW_I2C_SendByte
[...]
    i.I2C_WaitOnFlagUntilTimeout             0x08003014   Section        0  stm32f1xx_hal_i2c.o(i.I2C_WaitOnFlagUntilTimeout)
    I2C_WaitOnFlagUntilTimeout               0x08003015   Thumb Code   144  stm32f1xx_hal_i2c.o(i.I2C_WaitOnFlagUntilTimeout)
    i.I2C_WaitOnMasterAddressFlagUntilTimeout 0x080030a4   Section        0  stm32f1xx_hal_i2c.o(i.I2C_WaitOnMasterAddressFlagUntilTimeout)
    I2C_WaitOnMasterAddressFlagUntilTimeout  0x080030a5   Thumb Code   188  stm32f1xx_hal_i2c.o(i.I2C_WaitOnMasterAddressFlagUntilTimeout)
    i.I2C_WaitOnTXEFlagUntilTimeout          0x08003160   Section        0  stm32f1xx_hal_i2c.o(i.I2C_WaitOnTXEFlagUntilTimeout)
    I2C_WaitOnTXEFlagUntilTimeout            0x08003161   Thumb Code    86  stm32f1xx_hal_i2c.o(i.I2C_WaitOnTXEFlagUntilTimeout)
    i.Key_Init                               0x080031b8   Section        0  key.o(i.Key_Init)
    i.Key_OnPress                            0x08003204   Section        0  key.o(i.Key_OnPress)
    Key_OnPress                              0x08003205   Thumb Code    94  key.o(i.Key_OnPress)
    i.Key_Process                            0x0800328c   Section        0  key.o(i.Key_Process)
    i.LightSensor_GetPercent                 0x08003324   Section        0  light_sensor.o(i.LightSensor_GetPercent)
    i.MX_ADC1_Init                           0x08003364   Section        0  adc.o(i.MX_ADC1_Init)
    i.MX_GPIO_Init                           0x080033b0   Section        0  gpio.o(i.MX_GPIO_Init)
    i.MX_I2C1_Init                           0x08003494   Section        0  i2c.o(i.MX_I2C1_Init)
    i.MX_I2C2_Init                           0x080034d4   Section        0  i2c.o(i.MX_I2C2_Init)
    i.MX_RTC_Init                            0x08003514   Section        0  rtc.o(i.MX_RTC_Init)
    i.MX_TIM3_Init                           0x0800359c   Section        0  tim.o(i.MX_TIM3_Init)
    i.MX_USART1_UART_Init                    0x0800360c   Section        0  usart.o(i.MX_USART1_UART_Init)
    i.MX_USART2_UART_Init                    0x08003644   Section        0  usart.o(i.MX_USART2_UART_Init)
    i.MemManage_Handler                      0x0800367c   Section        0  stm32f1xx_it.o(i.MemManage_Handler)
    i.NMI_Handler                            0x0800367e   Section        0  stm32f1xx_it.o(i.NMI_Handler)
    i.OLED_Clear                             0x08003680   Section        0  oled.o(i.OLED_Clear)
    i.OLED_Init                              0x08003690   Section        0  oled.o(i.OLED_Init)
    i.OLED_ShowChar                          0x0800373c   Section        0  oled.o(i.OLED_ShowChar)
    i.OLED_ShowNum                           0x08003780   Section        0  oled.o(i.OLED_ShowNum)
    i.OLED_ShowPercent                       0x080037b8   Section        0  oled.o(i.OLED_ShowPercent)
    i.OLED_ShowString                        0x080037e0   Section        0  oled.o(i.OLED_ShowString)
    i.OLED_UpdateDisplay                     0x08003804   Section        0  oled.o(i.OLED_UpdateDisplay)
    i.OLED_WriteCmd                          0x08003850   Section        0  oled.o(i.OLED_WriteCmd)
    OLED_WriteCmd                            0x08003851   Thumb Code    28  oled.o(i.OLED_WriteCmd)
    i.PendSV_Handler                         0x08003870   Section        0  stm32f1xx_it.o(i.PendSV_Handler)
    i.RTC_Alarm_IRQHandler                   0x08003874   Section        0  stm32f1xx_it.o(i.RTC_Alarm_IRQHandler)
    i.RTC_Bcd2ToByte                         0x08003880   Section        0  stm32f1xx_hal_rtc.o(i.RTC_Bcd2ToByte)
    RTC_Bcd2ToByte                           0x08003881   Thumb Code    18  stm32f1xx_hal_rtc.o(i.RTC_Bcd2ToByte)
    i.RTC_ByteToBcd2                         0x08003892   Section        0  stm32f1xx_hal_rtc.o(i.RTC_ByteToBcd2)
    RTC_ByteToBcd2                           0x08003893   Thumb Code    22  stm32f1xx_hal_rtc.o(i.RTC_ByteToBcd2)
    i.RTC_DateUpdate                         0x080038a8   Section        0  stm32f1xx_hal_rtc.o(i.RTC_DateUpdate)
    RTC_DateUpdate                           0x080038a9   Thumb Code   174  stm32f1xx_hal_rtc.o(i.RTC_DateUpdate)
    i.RTC_EnterInitMode                      0x08003956   Section        0  stm32f1xx_hal_rtc.o(i.RTC_EnterInitMode)
    RTC_EnterInitMode                        0x08003957   Thumb Code    52  stm32f1xx_hal_rtc.o(i.RTC_EnterInitMode)
    i.RTC_ExitInitMode                       0x0800398c   Section        0  stm32f1xx_hal_rtc.o(i.RTC_ExitInitMode)
    RTC_ExitInitMode                         0x0800398d   Thumb Code    54  stm32f1xx_hal_rtc.o(i.RTC_ExitInitMode)
    i.RTC_IRQHandler                         0x080039c4   Section        0  stm32f1xx_it.o(i.RTC_IRQHandler)
    i.RTC_ReadAlarmCounter                   0x080039d0   Section        0  stm32f1xx_hal_rtc.o(i.RTC_ReadAlarmCounter)
    RTC_ReadAlarmCounter                     0x080039d1   Thumb Code    14  stm32f1xx_hal_rtc.o(i.RTC_ReadAlarmCounter)
    i.RTC_ReadTimeCounter                    0x080039de   Section        0  stm32f1xx_hal_rtc.o(i.RTC_ReadTimeCounter)
    RTC_ReadTimeCounter                      0x080039df   Thumb Code    32  stm32f1xx_hal_rtc.o(i.RTC_ReadTimeCounter)
    i.RTC_SetDateTime                        0x08003a00   Section        0  rtc.o(i.RTC_SetDateTime)
    i.RTC_WeekDayNum                         0x08003a5c   Section        0  stm32f1xx_hal_rtc.o(i.RTC_WeekDayNum)
    RTC_WeekDayNum                           0x08003a5d   Thumb Code    86  stm32f1xx_hal_rtc.o(i.RTC_WeekDayNum)
    i.RTC_WriteAlarmCounter                  0x08003ab2   Section        0  stm32f1xx_hal_rtc.o(i.RTC_WriteAlarmCounter)
    RTC_WriteAlarmCounter                    0x08003ab3   Thumb Code    40  stm32f1xx_hal_rtc.o(i.RTC_WriteAlarmCounter)
    i.RTC_WriteTimeCounter                   0x08003ada   Section        0  stm32f1xx_hal_rtc.o(i.RTC_WriteTimeCounter)
    RTC_WriteTimeCounter                     0x08003adb   Thumb Code    40  stm32f1xx_hal_rtc.o(i.RTC_WriteTimeCounter)
    i.SVC_Handler                            0x08003b02   Section        0  stm32f1xx_it.o(i.SVC_Handler)
    i.SW_I2C_BusRecovery                     0x08003b04   Section        0  cw2015.o(i.SW_I2C_BusRecovery)
    SW_I2C_BusRecovery                       0x08003b05   Thumb Code   108  cw2015.o(i.SW_I2C_BusRecovery)
    i.SW_I2C_Delay                           0x08003b74   Section        0  cw2015.o(i.SW_I2C_Delay)
    SW_I2C_Delay                             0x08003b75   Thumb Code    26  cw2015.o(i.SW_I2C_Delay)
    i.SW_I2C_ReadReg                         0x08003b8e   Section        0  cw2015.o(i.SW_I2C_ReadReg)
    SW_I2C_ReadReg                           0x08003b8f   Thumb Code   190  cw2015.o(i.SW_I2C_ReadReg)
    i.SW_I2C_SCL_H                           0x08003c4c   Section        0  cw2015.o(i.SW_I2C_SCL_H)
    SW_I2C_SCL_H                             0x08003c4d   Thumb Code    10  cw2015.o(i.SW_I2C_SCL_H)
    i.SW_I2C_SCL_L                           0x08003c5c   Section        0  cw2015.o(i.SW_I2C_SCL_L)
    SW_I2C_SCL_L                             0x08003c5d   Thumb Code    12  cw2015.o(i.SW_I2C_SCL_L)
    i.SW_I2C_SDA_L                           0x08003c6c   Section        0  cw2015.o(i.SW_I2C_SDA_L)
    SW_I2C_SDA_L                             0x08003c6d   Thumb Code    22  cw2015.o(i.SW_I2C_SDA_L)
    i.SW_I2C_SDA_Read                        0x08003c88   Section        0  cw2015.o(i.SW_I2C_SDA_Read)
    SW_I2C_SDA_Read                          0x08003c89   Thumb Code    10  cw2015.o(i.SW_I2C_SDA_Read)
    i.SW_I2C_SendByte                        0x08003c98   Section        0  cw2015.o(i.SW_I2C_SendByte)
    SW_I2C_SendByte                          0x08003c99   Thumb Code    58  cw2015.o(i.SW_I2C_SendByte)
    i.SW_I2C_Start                           0x08003cd2   Section        0  cw2015.o(i.SW_I2C_Start)
    SW_I2C_Start                             0x08003cd3   Thumb Code    42  cw2015.o(i.SW_I2C_Start)
    i.SW_I2C_Stop                            0x08003cfc   Section        0  cw2015.o(i.SW_I2C_Stop)
    SW_I2C_Stop                              0x08003cfd   Thumb Code    34  cw2015.o(i.SW_I2C_Stop)
    i.SW_I2C_WaitAck                         0x08003d1e   Section        0  cw2015.o(i.SW_I2C_WaitAck)
    SW_I2C_WaitAck                           0x08003d1f   Thumb Code    60  cw2015.o(i.SW_I2C_WaitAck)
    i.SW_I2C_WriteReg                        0x08003d5a   Section        0  cw2015.o(i.SW_I2C_WriteReg)
    SW_I2C_WriteReg                          0x08003d5b   Thumb Code    84  cw2015.o(i.SW_I2C_WriteReg)
    i.SW_SDA_In                              0x08003db0   Section        0  cw2015.o(i.SW_SDA_In)
    SW_SDA_In                                0x08003db1   Thumb Code    28  cw2015.o(i.SW_SDA_In)
    i.SW_SDA_Out                             0x08003dd0   Section        0  cw2015.o(i.SW_SDA_Out)
    SW_SDA_Out                               0x08003dd1   Thumb Code    30  cw2015.o(i.SW_SDA_Out)
    i.Servo_Close                            0x08003df4   Section        0  servo.o(i.Servo_Close)
    i.Servo_Init                             0x08003e1c   Section        0  servo.o(i.Servo_Init)
    i.Servo_IsOpen                           0x08003e44   Section        0  servo.o(i.Servo_IsOpen)
    i.Servo_Open                             0x08003e54   Section        0  servo.o(i.Servo_Open)
    i.Servo_Toggle                           0x08003e7c   Section        0  servo.o(i.Servo_Toggle)
    i.Sort                                   0x08003e90   Section        0  hx711.o(i.Sort)
    Sort                                     0x08003e91   Thumb Code    46  hx711.o(i.Sort)
    i.SysTick_Handler                        0x08003ebe   Section        0  stm32f1xx_it.o(i.SysTick_Handler)
    i.SystemClock_Config                     0x08003ec2   Section        0  main.o(i.SystemClock_Config)
    i.SystemInit                             0x08003f48   Section        0  system_stm32f1xx.o(i.SystemInit)
    i.TIM_Base_SetConfig                     0x08003f4c   Section        0  stm32f1xx_hal_tim.o(i.TIM_Base_SetConfig)
    i.TIM_CCxChannelCmd                      0x08003fc4   Section        0  stm32f1xx_hal_tim.o(i.TIM_CCxChannelCmd)
    i.TIM_OC1_SetConfig                      0x08003fe0   Section        0  stm32f1xx_hal_tim.o(i.TIM_OC1_SetConfig)
    TIM_OC1_SetConfig                        0x08003fe1   Thumb Code    74  stm32f1xx_hal_tim.o(i.TIM_OC1_SetConfig)
    i.TIM_OC2_SetConfig                      0x08004030   Section        0  stm32f1xx_hal_tim.o(i.TIM_OC2_SetConfig)
    i.TIM_OC3_SetConfig                      0x08004088   Section        0  stm32f1xx_hal_tim.o(i.TIM_OC3_SetConfig)
    TIM_OC3_SetConfig                        0x08004089   Thumb Code    82  stm32f1xx_hal_tim.o(i.TIM_OC3_SetConfig)
    i.TIM_OC4_SetConfig                      0x080040e0   Section        0  stm32f1xx_hal_tim.o(i.TIM_OC4_SetConfig)
    TIM_OC4_SetConfig                        0x080040e1   Thumb Code    64  stm32f1xx_hal_tim.o(i.TIM_OC4_SetConfig)
    i.TTS_CheckReminders                     0x08004124   Section        0  tw_tts.o(i.TTS_CheckReminders)
    i.TTS_GetVolume                          0x080041a8   Section        0  tw_tts.o(i.TTS_GetVolume)
    i.TTS_Init                               0x080041b4   Section        0  tw_tts.o(i.TTS_Init)
    i.TTS_PLAY1                              0x080041f0   Section        0  key.o(i.TTS_PLAY1)
    i.TTS_SetReminder                        0x08004244   Section        0  tw_tts.o(i.TTS_SetReminder)
    i.TTS_SetVolume100                       0x08004260   Section        0  tw_tts.o(i.TTS_SetVolume100)
    i.TTS_VolumeDown                         0x08004288   Section        0  tw_tts.o(i.TTS_VolumeDown)
    i.TTS_VolumeUp                           0x080042a4   Section        0  tw_tts.o(i.TTS_VolumeUp)
    i.TTS_play                               0x080042c0   Section        0  tw_tts.o(i.TTS_play)
    i.TTS_volume                             0x08004328   Section        0  tw_tts.o(i.TTS_volume)
    i.UART_DMAAbortOnError                   0x08004358   Section        0  stm32f1xx_hal_uart.o(i.UART_DMAAbortOnError)
    UART_DMAAbortOnError                     0x08004359   Thumb Code    16  stm32f1xx_hal_uart.o(i.UART_DMAAbortOnError)
    i.UART_EndRxTransfer                     0x08004368   Section        0  stm32f1xx_hal_uart.o(i.UART_EndRxTransfer)
    UART_EndRxTransfer                       0x08004369   Thumb Code    78  stm32f1xx_hal_uart.o(i.UART_EndRxTransfer)
    i.UART_Receive_IT                        0x080043b6   Section        0  stm32f1xx_hal_uart.o(i.UART_Receive_IT)
    UART_Receive_IT                          0x080043b7   Thumb Code   194  stm32f1xx_hal_uart.o(i.UART_Receive_IT)
    i.UART_SetConfig                         0x08004478   Section        0  stm32f1xx_hal_uart.o(i.UART_SetConfig)
    UART_SetConfig                           0x08004479   Thumb Code   178  stm32f1xx_hal_uart.o(i.UART_SetConfig)
    i.UART_Start_Receive_IT                  0x08004530   Section        0  stm32f1xx_hal_uart.o(i.UART_Start_Receive_IT)
    i.UART_WaitOnFlagUntilTimeout            0x08004566   Section        0  stm32f1xx_hal_uart.o(i.UART_WaitOnFlagUntilTimeout)
    UART_WaitOnFlagUntilTimeout              0x08004567   Thumb Code   114  stm32f1xx_hal_uart.o(i.UART_WaitOnFlagUntilTimeout)
    i.USART1_IRQHandler                      0x080045d8   Section        0  stm32f1xx_it.o(i.USART1_IRQHandler)
    i.USART2_IRQHandler                      0x080045e4   Section        0  stm32f1xx_it.o(i.USART2_IRQHandler)
    i.UsageFault_Handler                     0x080045f0   Section        0  stm32f1xx_it.o(i.UsageFault_Handler)
    i.WiFi_Connect                           0x080045f4   Section        0  wifi.o(i.WiFi_Connect)
    i.WiFi_GetCommand                        0x080046e4   Section        0  wifi.o(i.WiFi_GetCommand)
    i.WiFi_GetState                          0x08004708   Section        0  wifi.o(i.WiFi_GetState)
    i.WiFi_HandleAPIRequest                  0x08004710   Section        0  wifi.o(i.WiFi_HandleAPIRequest)
    WiFi_HandleAPIRequest                    0x08004711   Thumb Code   948  wifi.o(i.WiFi_HandleAPIRequest)
    i.WiFi_Init                              0x08004d3c   Section        0  wifi.o(i.WiFi_Init)
    i.WiFi_ParseInt                          0x08004e2c   Section        0  wifi.o(i.WiFi_ParseInt)
    WiFi_ParseInt                            0x08004e2d   Thumb Code    54  wifi.o(i.WiFi_ParseInt)
    i.WiFi_ParseUint                         0x08004e62   Section        0  wifi.o(i.WiFi_ParseUint)
    WiFi_ParseUint                           0x08004e63   Thumb Code    38  wifi.o(i.WiFi_ParseUint)
    i.WiFi_ProcessBuffer                     0x08004e88   Section        0  wifi.o(i.WiFi_ProcessBuffer)
    i.WiFi_QueryIP                           0x08005294   Section        0  wifi.o(i.WiFi_QueryIP)
    WiFi_QueryIP                             0x08005295   Thumb Code   170  wifi.o(i.WiFi_QueryIP)
    i.WiFi_SendCmd                           0x08005360   Section        0  wifi.o(i.WiFi_SendCmd)
    WiFi_SendCmd                             0x08005361   Thumb Code   168  wifi.o(i.WiFi_SendCmd)
    i.WiFi_SendDataToLink                    0x08005418   Section        0  wifi.o(i.WiFi_SendDataToLink)
    i.WiFi_SendFullHTTPResponse              0x08005504   Section        0  wifi.o(i.WiFi_SendFullHTTPResponse)
    WiFi_SendFullHTTPResponse                0x08005505   Thumb Code    78  wifi.o(i.WiFi_SendFullHTTPResponse)
    i.WiFi_UpdateStatus                      0x0800555c   Section        0  wifi.o(i.WiFi_UpdateStatus)
    i.__0snprintf$6                          0x08005598   Section        0  printf6.o(i.__0snprintf$6)
    i.__NVIC_SetPriority                     0x080055cc   Section        0  stm32f1xx_hal_cortex.o(i.__NVIC_SetPriority)
    __NVIC_SetPriority                       0x080055cd   Thumb Code    32  stm32f1xx_hal_cortex.o(i.__NVIC_SetPriority)
    i.__scatterload_copy                     0x080055ec   Section       14  handlers.o(i.__scatterload_copy)
    i.__scatterload_null                     0x080055fa   Section        2  handlers.o(i.__scatterload_null)
    i.__scatterload_zeroinit                 0x080055fc   Section       14  handlers.o(i.__scatterload_zeroinit)
    i._printf_core                           0x0800560c   Section        0  printf6.o(i._printf_core)
    _printf_core                             0x0800560d   Thumb Code   748  printf6.o(i._printf_core)
    i._printf_post_padding                   0x080058fc   Section        0  printf6.o(i._printf_post_padding)
    _printf_post_padding                     0x080058fd   Thumb Code    36  printf6.o(i._printf_post_padding)
    i._printf_pre_padding                    0x08005920   Section        0  printf6.o(i._printf_pre_padding)
    _printf_pre_padding                      0x08005921   Thumb Code    46  printf6.o(i._printf_pre_padding)
    i._snputc                                0x0800594e   Section        0  printf6.o(i._snputc)
    _snputc                                  0x0800594f   Thumb Code    22  printf6.o(i._snputc)
    i.free                                   0x08005964   Section        0  malloc.o(i.free)
    i.main                                   0x080059b4   Section        0  main.o(i.main)
    i.malloc                                 0x08005ddc   Section        0  malloc.o(i.malloc)
    i.tts_writeData                          0x08005e48   Section        0  tw_tts.o(i.tts_writeData)
    .constdata                               0x08005e74   Section      576  oled.o(.constdata)
    font_ascii                               0x08005e74   Data         576  oled.o(.constdata)
    .constdata                               0x080060b4   Section       18  stm32f1xx_hal_rcc.o(.constdata)
    aPredivFactorTable                       0x080060b4   Data           2  stm32f1xx_hal_rcc.o(.constdata)
    aPLLMULFactorTable                       0x080060b6   Data          16  stm32f1xx_hal_rcc.o(.constdata)
    .constdata                               0x080060c6   Section       18  stm32f1xx_hal_rcc_ex.o(.constdata)
    aPredivFactorTable                       0x080060c6   Data           2  stm32f1xx_hal_rcc_ex.o(.constdata)
    aPLLMULFactorTable                       0x080060c8   Data          16  stm32f1xx_hal_rcc_ex.o(.constdata)
    .constdata                               0x080060d8   Section       16  system_stm32f1xx.o(.constdata)
    .constdata                               0x080060e8   Section        8  system_stm32f1xx.o(.constdata)
    .conststring                             0x080060f0   Section      439  wifi.o(.conststring)
    .data                                    0x20000000   Section       65  cw2015.o(.data)
    cw_i2c_addr                              0x20000000   Data           1  cw2015.o(.data)
    cw_bat_config_info                       0x20000001   Data          64  cw2015.o(.data)
    .data                                    0x20000042   Section        6  wifi.o(.data)
    wifi_cmd_len                             0x20000046   Data           2  wifi.o(.data)
    .data                                    0x20000048   Section       14  tw_tts.o(.data)
    tts_volume                               0x20000048   Data           1  tw_tts.o(.data)
    TTS_QUERY_CMD                            0x20000049   Data           4  tw_tts.o(.data)
    TTS_VOLUME_CMD                           0x2000004d   Data           9  tw_tts.o(.data)
    .data                                    0x20000056   Section        2  servo.o(.data)
    servo_state                              0x20000056   Data           1  servo.o(.data)
    servo_initialized                        0x20000057   Data           1  servo.o(.data)
    .data                                    0x20000058   Section       11  actuator.o(.data)
    fan_latch                                0x20000058   Data           1  actuator.o(.data)
    heater_latch                             0x20000059   Data           1  actuator.o(.data)
    thresholds                               0x2000005a   Data           4  actuator.o(.data)
    .data                                    0x20000064   Section       24  hx711.o(.data)
    g_tare_offset                            0x20000064   Data           4  hx711.o(.data)
    g_coeff                                  0x20000068   Data           4  hx711.o(.data)
    .data                                    0x2000007c   Section       40  main.o(.data)
    medicine_percent                         0x2000007c   Data           1  main.o(.data)
    medicine_low_warned                      0x2000007d   Data           1  main.o(.data)
    dht11_data                               0x2000007f   Data           2  main.o(.data)
    cw2015_data                              0x20000082   Data           4  main.o(.data)
    last_dht11_tick                          0x20000088   Data           4  main.o(.data)
    last_loop_tick                           0x2000008c   Data           4  main.o(.data)
    max_weight                               0x20000090   Data           4  main.o(.data)
    last_medicine_warn_tick                  0x20000094   Data           4  main.o(.data)
    last_wifi_check_tick                     0x20000098   Data           4  main.o(.data)
    wifi_reconnect_backoff                   0x2000009c   Data           4  main.o(.data)
    last_cw2015_reinit_tick                  0x200000a0   Data           4  main.o(.data)
    .data                                    0x200000a4   Section        1  usart.o(.data)
    .data                                    0x200000a8   Section       12  stm32f1xx_hal.o(.data)
    .data                                    0x200000b4   Section        4  system_stm32f1xx.o(.data)
    .data                                    0x200000b8   Section        4  mvars.o(.data)
    .data                                    0x200000bc   Section        4  mvars.o(.data)
    .bss                                     0x200000c0   Section     1024  oled.o(.bss)
    oled_buffer                              0x200000c0   Data        1024  oled.o(.bss)
    .bss                                     0x200004c0   Section     1600  wifi.o(.bss)
    wifi_state                               0x200004c0   Data          49  wifi.o(.bss)
    device_status_cache                      0x200004f2   Data          14  wifi.o(.bss)
    wifi_cmd_buf                             0x20000700   Data         256  wifi.o(.bss)
    full_response_buf                        0x20000800   Data         512  wifi.o(.bss)
    api_json_buf                             0x20000a00   Data         256  wifi.o(.bss)
    .bss                                     0x20000b00   Section        9  tw_tts.o(.bss)
    tts_reminders                            0x20000b00   Data           9  tw_tts.o(.bss)
    .bss                                     0x20000b0c   Section       60  key.o(.bss)
    keys                                     0x20000b0c   Data          60  key.o(.bss)
    .bss                                     0x20000b48   Section       48  adc.o(.bss)
    .bss                                     0x20000b78   Section      168  i2c.o(.bss)
    .bss                                     0x20000c20   Section       20  rtc.o(.bss)
    .bss                                     0x20000c34   Section       72  tim.o(.bss)
    .bss                                     0x20000c7c   Section      144  usart.o(.bss)
    HEAP                                     0x20000d10   Section      512  startup_stm32f103xb.o(HEAP)
    STACK                                    0x20000f10   Section     1024  startup_stm32f103xb.o(STACK)

    Global Symbols

    Symbol Name                              Value     Ov Type        Size  Object(Section)

    BuildAttributes$$THM_ISAv4$P$D$K$B$S$PE$A:L22UL41UL21$X:L11$S22US41US21$IEEE1$IW$USESV6$~STKCKD$USESV7$~SHL$OTIME$ROPI$EBA8$MICROLIB$REQ8$PRES8$EABIv2 0x00000000   Number         0  anon$$obj.o ABSOLUTE
    __ARM_use_no_argv                        0x00000000   Number         0  main.o ABSOLUTE
    _printf_a                                0x00000000   Number         0  stubs.o ABSOLUTE
    _printf_c                                0x00000000   Number         0  stubs.o ABSOLUTE
    _printf_charcount                        0x00000000   Number         0  stubs.o ABSOLUTE
    _printf_d                                0x00000000   Number         0  stubs.o ABSOLUTE
    _printf_e                                0x00000000   Number         0  stubs.o ABSOLUTE
    _printf_f                                0x00000000   Number         0  stubs.o ABSOLUTE
    _printf_flags                            0x00000000   Number         0  stubs.o ABSOLUTE
    _printf_fp_dec                           0x00000000   Number         0  stubs.o ABSOLUTE
    _printf_fp_hex                           0x00000000   Number         0  stubs.o ABSOLUTE
    _printf_g                                0x00000000   Number         0  stubs.o ABSOLUTE
    _printf_i                                0x00000000   Number         0  stubs.o ABSOLUTE
    _printf_int_dec                          0x00000000   Number         0  stubs.o ABSOLUTE
    _printf_l                                0x00000000   Number         0  stubs.o ABSOLUTE
    _printf_lc                               0x00000000   Number         0  stubs.o ABSOLUTE
    _printf_ll                               0x00000000   Number         0  stubs.o ABSOLUTE
    _printf_lld                              0x00000000   Number         0  stubs.o ABSOLUTE
    _printf_lli                              0x00000000   Number         0  stubs.o ABSOLUTE
    _printf_llo                              0x00000000   Number         0  stubs.o ABSOLUTE
    _printf_llu                              0x00000000   Number         0  stubs.o ABSOLUTE
    _printf_llx                              0x00000000   Number         0  stubs.o ABSOLUTE
    _printf_longlong_dec                     0x00000000   Number         0  stubs.o ABSOLUTE
    _printf_longlong_hex                     0x00000000   Number         0  stubs.o ABSOLUTE
    _printf_longlong_oct                     0x00000000   Number         0  stubs.o ABSOLUTE
    _printf_ls                               0x00000000   Number         0  stubs.o ABSOLUTE
    _printf_mbtowc                           0x00000000   Number         0  stubs.o ABSOLUTE
    _printf_n                                0x00000000   Number         0  stubs.o ABSOLUTE
    _printf_o                                0x00000000   Number         0  stubs.o ABSOLUTE
    _printf_p                                0x00000000   Number         0  stubs.o ABSOLUTE
    _printf_percent                          0x00000000   Number         0  stubs.o ABSOLUTE
    _printf_pre_padding                      0x00000000   Number         0  stubs.o ABSOLUTE
    _printf_return_value                     0x00000000   Number         0  stubs.o ABSOLUTE
    _printf_s                                0x00000000   Number         0  stubs.o ABSOLUTE
    _printf_sizespec                         0x00000000   Number         0  stubs.o ABSOLUTE
    _printf_str                              0x00000000   Number         0  stubs.o ABSOLUTE
    _printf_truncate_signed                  0x00000000   Number         0  stubs.o ABSOLUTE
    _printf_truncate_unsigned                0x00000000   Number         0  stubs.o ABSOLUTE
    _printf_u                                0x00000000   Number         0  stubs.o ABSOLUTE
    _printf_wc                               0x00000000   Number         0  stubs.o ABSOLUTE
    _printf_wctomb                           0x00000000   Number         0  stubs.o ABSOLUTE
    _printf_widthprec                        0x00000000   Number         0  stubs.o ABSOLUTE
    _printf_x                                0x00000000   Number         0  stubs.o ABSOLUTE
    __arm_fini_                               - Undefined Weak Reference
    __cpp_initialize__aeabi_                  - Undefined Weak Reference
    __cxa_finalize                            - Undefined Weak Reference
    __decompress                              - Undefined Weak Reference
    _clock_init                               - Undefined Weak Reference
    _microlib_exit                            - Undefined Weak Reference
    __Vectors_Size                           0x000000ec   Number         0  startup_stm32f103xb.o ABSOLUTE
    __Vectors                                0x08000000   Data           4  startup_stm32f103xb.o(RESET)
    __Vectors_End                            0x080000ec   Data           0  startup_stm32f103xb.o(RESET)
    __main                                   0x080000ed   Thumb Code     0  entry.o(.ARM.Collect$$$$00000000)
    _main_stk                                0x080000ed   Thumb Code     0  entry2.o(.ARM.Collect$$$$00000001)
    _main_scatterload                        0x080000f1   Thumb Code     0  entry5.o(.ARM.Collect$$$$00000004)
    __main_after_scatterload                 0x080000f5   Thumb Code     0  entry5.o(.ARM.Collect$$$$00000004)
    _main_clock                              0x080000f5   Thumb Code     0  entry7b.o(.ARM.Collect$$$$00000008)
    _main_cpp_init                           0x080000f5   Thumb Code     0  entry8b.o(.ARM.Collect$$$$0000000A)
    _main_init                               0x080000f5   Thumb Code     0  entry9a.o(.ARM.Collect$$$$0000000B)
    __rt_lib_shutdown_fini                   0x080000fd   Thumb Code     0  entry12b.o(.ARM.Collect$$$$0000000E)
    __rt_final_cpp                           0x08000101   Thumb Code     0  entry10a.o(.ARM.Collect$$$$0000000F)
    __rt_final_exit                          0x08000101   Thumb Code     0  entry11a.o(.ARM.Collect$$$$00000011)
    Reset_Handler                            0x08000105   Thumb Code     8  startup_stm32f103xb.o(.text)
    CAN1_RX1_IRQHandler                      0x0800011f   Thumb Code     0  startup_stm32f103xb.o(.text)
    CAN1_SCE_IRQHandler                      0x0800011f   Thumb Code     0  startup_stm32f103xb.o(.text)
    DMA1_Channel1_IRQHandler                 0x0800011f   Thumb Code     0  startup_stm32f103xb.o(.text)
    DMA1_Channel2_IRQHandler                 0x0800011f   Thumb Code     0  startup_stm32f103xb.o(.text)
    DMA1_Channel3_IRQHandler                 0x0800011f   Thumb Code     0  startup_stm32f103xb.o(.text)
    DMA1_Channel4_IRQHandler                 0x0800011f   Thumb Code     0  startup_stm32f103xb.o(.text)
    DMA1_Channel5_IRQHandler                 0x0800011f   Thumb Code     0  startup_stm32f103xb.o(.text)
    DMA1_Channel6_IRQHandler                 0x0800011f   Thumb Code     0  startup_stm32f103xb.o(.text)
    DMA1_Channel7_IRQHandler                 0x0800011f   Thumb Code     0  startup_stm32f103xb.o(.text)
    EXTI0_IRQHandler                         0x0800011f   Thumb Code     0  startup_stm32f103xb.o(.text)
    EXTI15_10_IRQHandler                     0x0800011f   Thumb Code     0  startup_stm32f103xb.o(.text)
    EXTI1_IRQHandler                         0x0800011f   Thumb Code     0  startup_stm32f103xb.o(.text)
    EXTI2_IRQHandler                         0x0800011f   Thumb Code     0  startup_stm32f103xb.o(.text)
    EXTI3_IRQHandler                         0x0800011f   Thumb Code     0  startup_stm32f103xb.o(.text)
    EXTI4_IRQHandler                         0x0800011f   Thumb Code     0  startup_stm32f103xb.o(.text)
    EXTI9_5_IRQHandler                       0x0800011f   Thumb Code     0  startup_stm32f103xb.o(.text)
    FLASH_IRQHandler                         0x0800011f   Thumb Code     0  startup_stm32f103xb.o(.text)
    I2C1_ER_IRQHandler                       0x0800011f   Thumb Code     0  startup_stm32f103xb.o(.text)
    I2C1_EV_IRQHandler                       0x0800011f   Thumb Code     0  startup_stm32f103xb.o(.text)
    I2C2_ER_IRQHandler                       0x0800011f   Thumb Code     0  startup_stm32f103xb.o(.text)
    I2C2_EV_IRQHandler                       0x0800011f   Thumb Code     0  startup_stm32f103xb.o(.text)
    PVD_IRQHandler                           0x0800011f   Thumb Code     0  startup_stm32f103xb.o(.text)
    RCC_IRQHandler                           0x0800011f   Thumb Code     0  startup_stm32f103xb.o(.text)
    SPI1_IRQHandler                          0x0800011f   Thumb Code     0  startup_stm32f103xb.o(.text)
    SPI2_IRQHandler                          0x0800011f   Thumb Code     0  startup_stm32f103xb.o(.text)
    TAMPER_IRQHandler                        0x0800011f   Thumb Code     0  startup_stm32f103xb.o(.text)
    TIM1_BRK_IRQHandler                      0x0800011f   Thumb Code     0  startup_stm32f103xb.o(.text)
    TIM1_CC_IRQHandler                       0x0800011f   Thumb Code     0  startup_stm32f103xb.o(.text)
    TIM1_TRG_COM_IRQHandler                  0x0800011f   Thumb Code     0  startup_stm32f103xb.o(.text)
    TIM1_UP_IRQHandler                       0x0800011f   Thumb Code     0  startup_stm32f103xb.o(.text)
    TIM2_IRQHandler                          0x0800011f   Thumb Code     0  startup_stm32f103xb.o(.text)
    TIM3_IRQHandler                          0x0800011f   Thumb Code     0  startup_stm32f103xb.o(.text)
    TIM4_IRQHandler                          0x0800011f   Thumb Code     0  startup_stm32f103xb.o(.text)
    USART3_IRQHandler                        0x0800011f   Thumb Code     0  startup_stm32f103xb.o(.text)
    USBWakeUp_IRQHandler                     0x0800011f   Thumb Code     0  startup_stm32f103xb.o(.text)
    USB_HP_CAN1_TX_IRQHandler                0x0800011f   Thumb Code     0  startup_stm32f103xb.o(.text)
    USB_LP_CAN1_RX0_IRQHandler               0x0800011f   Thumb Code     0  startup_stm32f103xb.o(.text)
    WWDG_IRQHandler                          0x0800011f   Thumb Code     0  startup_stm32f103xb.o(.text)
    __aeabi_memcpy                           0x08000129   Thumb Code    36  memcpya.o(.text)
    __aeabi_memcpy4                          0x08000129   Thumb Code     0  memcpya.o(.text)
    __aeabi_memcpy8                          0x08000129   Thumb Code     0  memcpya.o(.text)
    __aeabi_memset                           0x0800014d   Thumb Code    14  memseta.o(.text)
    __aeabi_memset4                          0x0800014d   Thumb Code     0  memseta.o(.text)
    __aeabi_memset8                          0x0800014d   Thumb Code     0  memseta.o(.text)
    __aeabi_memclr                           0x0800015b   Thumb Code     4  memseta.o(.text)
    __aeabi_memclr4                          0x0800015b   Thumb Code     0  memseta.o(.text)
    __aeabi_memclr8                          0x0800015b   Thumb Code     0  memseta.o(.text)
    _memset$wrapper                          0x0800015f   Thumb Code    18  memseta.o(.text)
    strstr                                   0x08000171   Thumb Code    36  strstr.o(.text)
    strncpy                                  0x08000195   Thumb Code    24  strncpy.o(.text)
    strchr                                   0x080001ad   Thumb Code    20  strchr.o(.text)
    strlen                                   0x080001c1   Thumb Code    14  strlen.o(.text)
    strcmp                                   0x080001cf   Thumb Code    28  strcmp.o(.text)
    strncmp                                  0x080001eb   Thumb Code    30  strncmp.o(.text)
    __aeabi_fadd                             0x08000209   Thumb Code   164  fadd.o(.text)
    __aeabi_fsub                             0x080002ad   Thumb Code     6  fadd.o(.text)
    __aeabi_frsub                            0x080002b3   Thumb Code     6  fadd.o(.text)
    __aeabi_fmul                             0x080002b9   Thumb Code   100  fmul.o(.text)
    __aeabi_fdiv                             0x0800031d   Thumb Code   124  fdiv.o(.text)
    __aeabi_i2f                              0x08000399   Thumb Code    18  fflti.o(.text)
    __aeabi_ui2f                             0x080003ab   Thumb Code    10  ffltui.o(.text)
    __aeabi_f2uiz                            0x080003b5   Thumb Code    40  ffixui.o(.text)
    __aeabi_uidiv                            0x080003dd   Thumb Code     0  uidiv.o(.text)
    __aeabi_uidivmod                         0x080003dd   Thumb Code    44  uidiv.o(.text)
    __I$use$fp                               0x08000409   Thumb Code     0  iusefp.o(.text)
    _float_round                             0x08000409   Thumb Code    18  fepilogue.o(.text)
    _float_epilogue                          0x0800041b   Thumb Code    92  fepilogue.o(.text)
    __scatterload                            0x08000479   Thumb Code    28  init.o(.text)
    __scatterload_rt2                        0x08000479   Thumb Code     0  init.o(.text)
    ADC1_2_IRQHandler                        0x0800049d   Thumb Code     6  stm32f1xx_it.o(i.ADC1_2_IRQHandler)
    ADC_ConversionStop_Disable               0x080004a9   Thumb Code    86  stm32f1xx_hal_adc.o(i.ADC_ConversionStop_Disable)
    ADC_Enable                               0x08000501   Thumb Code   114  stm32f1xx_hal_adc.o(i.ADC_Enable)
    Actuator_GetThresholds                   0x0800057d   Thumb Code    24  actuator.o(i.Actuator_GetThresholds)
    Actuator_Init                            0x08000599   Thumb Code    52  actuator.o(i.Actuator_Init)
    Actuator_SetThresholds                   0x080005d9   Thumb Code    48  actuator.o(i.Actuator_SetThresholds)
    Actuator_Update                          0x0800060d   Thumb Code   190  actuator.o(i.Actuator_Update)
    BusFault_Handler                         0x080006d9   Thumb Code     2  stm32f1xx_it.o(i.BusFault_Handler)
    CW2015_Init                              0x080006dd   Thumb Code   210  cw2015.o(i.CW2015_Init)
    CW2015_ReadData                          0x080007c1   Thumb Code   170  cw2015.o(i.CW2015_ReadData)
    DHT11_Init                               0x080008f1   Thumb Code    46  dht11.o(i.DHT11_Init)
    DHT11_ReadData                           0x0800099d   Thumb Code   224  dht11.o(i.DHT11_ReadData)
    DebugMon_Handler                         0x08000a81   Thumb Code     2  stm32f1xx_it.o(i.DebugMon_Handler)
    Error_Handler                            0x08000a83   Thumb Code     4  main.o(i.Error_Handler)
    HAL_ADCEx_InjectedConvCpltCallback       0x08000a87   Thumb Code     2  stm32f1xx_hal_adc_ex.o(i.HAL_ADCEx_InjectedConvCpltCallback)
    HAL_ADC_ConfigChannel                    0x08000a89   Thumb Code   240  stm32f1xx_hal_adc.o(i.HAL_ADC_ConfigChannel)
    HAL_ADC_ConvCpltCallback                 0x08000b85   Thumb Code     2  stm32f1xx_hal_adc.o(i.HAL_ADC_ConvCpltCallback)
    HAL_ADC_GetValue                         0x08000b87   Thumb Code     6  stm32f1xx_hal_adc.o(i.HAL_ADC_GetValue)
    HAL_ADC_IRQHandler                       0x08000b8d   Thumb Code   220  stm32f1xx_hal_adc.o(i.HAL_ADC_IRQHandler)
    HAL_ADC_Init                             0x08000c69   Thumb Code   272  stm32f1xx_hal_adc.o(i.HAL_ADC_Init)
    HAL_ADC_LevelOutOfWindowCallback         0x08000d85   Thumb Code     2  stm32f1xx_hal_adc.o(i.HAL_ADC_LevelOutOfWindowCallback)
    HAL_ADC_MspInit                          0x08000d89   Thumb Code    92  adc.o(i.HAL_ADC_MspInit)
    HAL_ADC_PollForConversion                0x08000df1   Thumb Code   304  stm32f1xx_hal_adc.o(i.HAL_ADC_PollForConversion)
    HAL_ADC_Start                            0x08000f2d   Thumb Code   184  stm32f1xx_hal_adc.o(i.HAL_ADC_Start)
    HAL_ADC_Stop                             0x08000fed   Thumb Code    52  stm32f1xx_hal_adc.o(i.HAL_ADC_Stop)
    HAL_DMA_Abort                            0x08001021   Thumb Code    70  stm32f1xx_hal_dma.o(i.HAL_DMA_Abort)
    HAL_DMA_Abort_IT                         0x08001069   Thumb Code   148  stm32f1xx_hal_dma.o(i.HAL_DMA_Abort_IT)
    HAL_Delay                                0x08001101   Thumb Code    32  stm32f1xx_hal.o(i.HAL_Delay)
    HAL_Delay_us                             0x08001125   Thumb Code    28  main.o(i.HAL_Delay_us)
    HAL_GPIO_DeInit                          0x08001149   Thumb Code   254  stm32f1xx_hal_gpio.o(i.HAL_GPIO_DeInit)
    HAL_GPIO_Init                            0x08001261   Thumb Code   446  stm32f1xx_hal_gpio.o(i.HAL_GPIO_Init)
    HAL_GPIO_ReadPin                         0x08001441   Thumb Code    10  stm32f1xx_hal_gpio.o(i.HAL_GPIO_ReadPin)
    HAL_GPIO_WritePin                        0x0800144b   Thumb Code    10  stm32f1xx_hal_gpio.o(i.HAL_GPIO_WritePin)
    HAL_GetTick                              0x08001455   Thumb Code     6  stm32f1xx_hal.o(i.HAL_GetTick)
    HAL_I2C_DeInit                           0x08001461   Thumb Code    50  stm32f1xx_hal_i2c.o(i.HAL_I2C_DeInit)
    HAL_I2C_Init                             0x08001495   Thumb Code   376  stm32f1xx_hal_i2c.o(i.HAL_I2C_Init)
    HAL_I2C_Master_Transmit                  0x0800161d   Thumb Code   290  stm32f1xx_hal_i2c.o(i.HAL_I2C_Master_Transmit)
    HAL_I2C_Mem_Write                        0x08001749   Thumb Code   294  stm32f1xx_hal_i2c.o(i.HAL_I2C_Mem_Write)
    HAL_I2C_MspDeInit                        0x08001879   Thumb Code    72  i2c.o(i.HAL_I2C_MspDeInit)
    HAL_I2C_MspInit                          0x080018d1   Thumb Code   134  i2c.o(i.HAL_I2C_MspInit)
    HAL_IncTick                              0x08001969   Thumb Code    12  stm32f1xx_hal.o(i.HAL_IncTick)
    HAL_Init                                 0x08001979   Thumb Code    32  stm32f1xx_hal.o(i.HAL_Init)
    HAL_InitTick                             0x0800199d   Thumb Code    54  stm32f1xx_hal.o(i.HAL_InitTick)
    HAL_MspInit                              0x080019dd   Thumb Code    52  stm32f1xx_hal_msp.o(i.HAL_MspInit)
    HAL_NVIC_EnableIRQ                       0x08001a19   Thumb Code    26  stm32f1xx_hal_cortex.o(i.HAL_NVIC_EnableIRQ)
    HAL_NVIC_SetPriority                     0x08001a35   Thumb Code    60  stm32f1xx_hal_cortex.o(i.HAL_NVIC_SetPriority)
    HAL_NVIC_SetPriorityGrouping             0x08001a75   Thumb Code    26  stm32f1xx_hal_cortex.o(i.HAL_NVIC_SetPriorityGrouping)
    HAL_PWR_EnableBkUpAccess                 0x08001a99   Thumb Code     8  stm32f1xx_hal_pwr.o(i.HAL_PWR_EnableBkUpAccess)
    HAL_RCCEx_GetPeriphCLKFreq               0x08001aa5   Thumb Code   148  stm32f1xx_hal_rcc_ex.o(i.HAL_RCCEx_GetPeriphCLKFreq)
    HAL_RCCEx_PeriphCLKConfig                0x08001b49   Thumb Code   224  stm32f1xx_hal_rcc_ex.o(i.HAL_RCCEx_PeriphCLKConfig)
    HAL_RCC_ClockConfig                      0x08001c35   Thumb Code   280  stm32f1xx_hal_rcc.o(i.HAL_RCC_ClockConfig)
    HAL_RCC_GetPCLK1Freq                     0x08001d61   Thumb Code    20  stm32f1xx_hal_rcc.o(i.HAL_RCC_GetPCLK1Freq)
    HAL_RCC_GetPCLK2Freq                     0x08001d81   Thumb Code    20  stm32f1xx_hal_rcc.o(i.HAL_RCC_GetPCLK2Freq)
    HAL_RCC_GetSysClockFreq                  0x08001da1   Thumb Code    58  stm32f1xx_hal_rcc.o(i.HAL_RCC_GetSysClockFreq)
    HAL_RCC_OscConfig                        0x08001ded   Thumb Code   778  stm32f1xx_hal_rcc.o(i.HAL_RCC_OscConfig)
    HAL_RTCEx_BKUPRead                       0x0800210d   Thumb Code    10  stm32f1xx_hal_rtc_ex.o(i.HAL_RTCEx_BKUPRead)
    HAL_RTCEx_BKUPWrite                      0x0800211d   Thumb Code    12  stm32f1xx_hal_rtc_ex.o(i.HAL_RTCEx_BKUPWrite)
    HAL_RTCEx_RTCEventCallback               0x0800212d   Thumb Code     2  stm32f1xx_hal_rtc_ex.o(i.HAL_RTCEx_RTCEventCallback)
    HAL_RTCEx_RTCEventErrorCallback          0x0800212f   Thumb Code     2  stm32f1xx_hal_rtc_ex.o(i.HAL_RTCEx_RTCEventErrorCallback)
    HAL_RTCEx_RTCIRQHandler                  0x08002131   Thumb Code    62  stm32f1xx_hal_rtc_ex.o(i.HAL_RTCEx_RTCIRQHandler)
    HAL_RTC_AlarmAEventCallback              0x0800216f   Thumb Code     2  stm32f1xx_hal_rtc.o(i.HAL_RTC_AlarmAEventCallback)
    HAL_RTC_AlarmIRQHandler                  0x08002171   Thumb Code    48  stm32f1xx_hal_rtc.o(i.HAL_RTC_AlarmIRQHandler)
    HAL_RTC_GetDate                          0x080021a5   Thumb Code    78  stm32f1xx_hal_rtc.o(i.HAL_RTC_GetDate)
    HAL_RTC_GetTime                          0x080021f3   Thumb Code   216  stm32f1xx_hal_rtc.o(i.HAL_RTC_GetTime)
    HAL_RTC_Init                             0x080022cd   Thumb Code   144  stm32f1xx_hal_rtc.o(i.HAL_RTC_Init)
    HAL_RTC_MspInit                          0x08002361   Thumb Code    76  rtc.o(i.HAL_RTC_MspInit)
    HAL_RTC_SetDate                          0x080023b9   Thumb Code   192  stm32f1xx_hal_rtc.o(i.HAL_RTC_SetDate)
    HAL_RTC_SetTime                          0x0800247d   Thumb Code   168  stm32f1xx_hal_rtc.o(i.HAL_RTC_SetTime)
    HAL_RTC_WaitForSynchro                   0x08002529   Thumb Code    58  stm32f1xx_hal_rtc.o(i.HAL_RTC_WaitForSynchro)
    HAL_SYSTICK_Config                       0x08002563   Thumb Code    40  stm32f1xx_hal_cortex.o(i.HAL_SYSTICK_Config)
    HAL_TIMEx_MasterConfigSynchronization    0x0800258d   Thumb Code    92  stm32f1xx_hal_tim_ex.o(i.HAL_TIMEx_MasterConfigSynchronization)
    HAL_TIM_MspPostInit                      0x080025f5   Thumb Code    62  tim.o(i.HAL_TIM_MspPostInit)
    HAL_TIM_PWM_ConfigChannel                0x08002641   Thumb Code   204  stm32f1xx_hal_tim.o(i.HAL_TIM_PWM_ConfigChannel)
    HAL_TIM_PWM_Init                         0x0800270d   Thumb Code    90  stm32f1xx_hal_tim.o(i.HAL_TIM_PWM_Init)
    HAL_TIM_PWM_MspInit                      0x08002769   Thumb Code    30  tim.o(i.HAL_TIM_PWM_MspInit)
    HAL_TIM_PWM_Start                        0x08002791   Thumb Code   144  stm32f1xx_hal_tim.o(i.HAL_TIM_PWM_Start)
    HAL_UARTEx_RxEventCallback               0x0800282d   Thumb Code     2  stm32f1xx_hal_uart.o(i.HAL_UARTEx_RxEventCallback)
    HAL_UART_ErrorCallback                   0x0800282f   Thumb Code     2  stm32f1xx_hal_uart.o(i.HAL_UART_ErrorCallback)
    HAL_UART_IRQHandler                      0x08002831   Thumb Code   616  stm32f1xx_hal_uart.o(i.HAL_UART_IRQHandler)
    HAL_UART_Init                            0x08002a9d   Thumb Code   100  stm32f1xx_hal_uart.o(i.HAL_UART_Init)
    HAL_UART_MspInit                         0x08002b01   Thumb Code   198  usart.o(i.HAL_UART_MspInit)
    HAL_UART_Receive_IT                      0x08002bd9   Thumb Code    28  stm32f1xx_hal_uart.o(i.HAL_UART_Receive_IT)
    HAL_UART_RxCpltCallback                  0x08002bf5   Thumb Code    46  main.o(i.HAL_UART_RxCpltCallback)
    HAL_UART_Transmit                        0x08002c39   Thumb Code   160  stm32f1xx_hal_uart.o(i.HAL_UART_Transmit)
    HAL_UART_TxCpltCallback                  0x08002cd9   Thumb Code     2  stm32f1xx_hal_uart.o(i.HAL_UART_TxCpltCallback)
    HX711_GetWeight                          0x08002cf5   Thumb Code    88  hx711.o(i.HX711_GetWeight)
    HX711_Init                               0x08002d55   Thumb Code    82  hx711.o(i.HX711_Init)
    HX711_ReadRaw                            0x08002db1   Thumb Code   140  hx711.o(i.HX711_ReadRaw)
    HardFault_Handler                        0x08002e49   Thumb Code     2  stm32f1xx_it.o(i.HardFault_Handler)
    Key_Init                                 0x080031b9   Thumb Code    68  key.o(i.Key_Init)
    Key_Process                              0x0800328d   Thumb Code   148  key.o(i.Key_Process)
    LightSensor_GetPercent                   0x08003325   Thumb Code    58  light_sensor.o(i.LightSensor_GetPercent)
    MX_ADC1_Init                             0x08003365   Thumb Code    68  adc.o(i.MX_ADC1_Init)
    MX_GPIO_Init                             0x080033b1   Thumb Code   216  gpio.o(i.MX_GPIO_Init)
    MX_I2C1_Init                             0x08003495   Thumb Code    50  i2c.o(i.MX_I2C1_Init)
    MX_I2C2_Init                             0x080034d5   Thumb Code    50  i2c.o(i.MX_I2C2_Init)
    MX_RTC_Init                              0x08003515   Thumb Code   128  rtc.o(i.MX_RTC_Init)
    MX_TIM3_Init                             0x0800359d   Thumb Code   104  tim.o(i.MX_TIM3_Init)
    MX_USART1_UART_Init                      0x0800360d   Thumb Code    48  usart.o(i.MX_USART1_UART_Init)
    MX_USART2_UART_Init                      0x08003645   Thumb Code    48  usart.o(i.MX_USART2_UART_Init)
    MemManage_Handler                        0x0800367d   Thumb Code     2  stm32f1xx_it.o(i.MemManage_Handler)
    NMI_Handler                              0x0800367f   Thumb Code     2  stm32f1xx_it.o(i.NMI_Handler)
    OLED_Clear                               0x08003681   Thumb Code    10  oled.o(i.OLED_Clear)
    OLED_Init                                0x08003691   Thumb Code   170  oled.o(i.OLED_Init)
    OLED_ShowChar                            0x0800373d   Thumb Code    60  oled.o(i.OLED_ShowChar)
    OLED_ShowNum                             0x08003781   Thumb Code    56  oled.o(i.OLED_ShowNum)
    OLED_ShowPercent                         0x080037b9   Thumb Code    34  oled.o(i.OLED_ShowPercent)
    OLED_ShowString                          0x080037e1   Thumb Code    36  oled.o(i.OLED_ShowString)
    OLED_UpdateDisplay                       0x08003805   Thumb Code    66  oled.o(i.OLED_UpdateDisplay)
    PendSV_Handler                           0x08003871   Thumb Code     2  stm32f1xx_it.o(i.PendSV_Handler)
    RTC_Alarm_IRQHandler                     0x08003875   Thumb Code     6  stm32f1xx_it.o(i.RTC_Alarm_IRQHandler)
    RTC_IRQHandler                           0x080039c5   Thumb Code     6  stm32f1xx_it.o(i.RTC_IRQHandler)
    RTC_SetDateTime                          0x08003a01   Thumb Code    82  rtc.o(i.RTC_SetDateTime)
    SVC_Handler                              0x08003b03   Thumb Code     2  stm32f1xx_it.o(i.SVC_Handler)
    Servo_Close                              0x08003df5   Thumb Code    30  servo.o(i.Servo_Close)
    Servo_Init                               0x08003e1d   Thumb Code    32  servo.o(i.Servo_Init)
    Servo_IsOpen                             0x08003e45   Thumb Code    12  servo.o(i.Servo_IsOpen)
    Servo_Open                               0x08003e55   Thumb Code    30  servo.o(i.Servo_Open)
    Servo_Toggle                             0x08003e7d   Thumb Code    16  servo.o(i.Servo_Toggle)
    SysTick_Handler                          0x08003ebf   Thumb Code     4  stm32f1xx_it.o(i.SysTick_Handler)
    SystemClock_Config                       0x08003ec3   Thumb Code   134  main.o(i.SystemClock_Config)
    SystemInit                               0x08003f49   Thumb Code     2  system_stm32f1xx.o(i.SystemInit)
    TIM_Base_SetConfig                       0x08003f4d   Thumb Code   108  stm32f1xx_hal_tim.o(i.TIM_Base_SetConfig)
    TIM_CCxChannelCmd                        0x08003fc5   Thumb Code    26  stm32f1xx_hal_tim.o(i.TIM_CCxChannelCmd)
    TIM_OC2_SetConfig                        0x08004031   Thumb Code    84  stm32f1xx_hal_tim.o(i.TIM_OC2_SetConfig)
    TTS_CheckReminders                       0x08004125   Thumb Code   124  tw_tts.o(i.TTS_CheckReminders)
    TTS_GetVolume                            0x080041a9   Thumb Code     6  tw_tts.o(i.TTS_GetVolume)
    TTS_Init                                 0x080041b5   Thumb Code    56  tw_tts.o(i.TTS_Init)
    TTS_PLAY1                                0x080041f1   Thumb Code    34  key.o(i.TTS_PLAY1)
    TTS_SetReminder                          0x08004245   Thumb Code    22  tw_tts.o(i.TTS_SetReminder)
    TTS_SetVolume100                         0x08004261   Thumb Code    36  tw_tts.o(i.TTS_SetVolume100)
    TTS_VolumeDown                           0x08004289   Thumb Code    22  tw_tts.o(i.TTS_VolumeDown)
    TTS_VolumeUp                             0x080042a5   Thumb Code    22  tw_tts.o(i.TTS_VolumeUp)
    TTS_play                                 0x080042c1   Thumb Code   102  tw_tts.o(i.TTS_play)
    TTS_volume                               0x08004329   Thumb Code    42  tw_tts.o(i.TTS_volume)
    UART_Start_Receive_IT                    0x08004531   Thumb Code    54  stm32f1xx_hal_uart.o(i.UART_Start_Receive_IT)
    USART1_IRQHandler                        0x080045d9   Thumb Code     6  stm32f1xx_it.o(i.USART1_IRQHandler)
    USART2_IRQHandler                        0x080045e5   Thumb Code     6  stm32f1xx_it.o(i.USART2_IRQHandler)
    UsageFault_Handler                       0x080045f1   Thumb Code     2  stm32f1xx_it.o(i.UsageFault_Handler)
    WiFi_Connect                             0x080045f5   Thumb Code   180  wifi.o(i.WiFi_Connect)
    WiFi_GetCommand                          0x080046e5   Thumb Code    28  wifi.o(i.WiFi_GetCommand)
    WiFi_GetState                            0x08004709   Thumb Code     4  wifi.o(i.WiFi_GetState)
    WiFi_Init                                0x08004d3d   Thumb Code   170  wifi.o(i.WiFi_Init)
    WiFi_ProcessBuffer                       0x08004e89   Thumb Code   584  wifi.o(i.WiFi_ProcessBuffer)
    WiFi_SendDataToLink                      0x08005419   Thumb Code   186  wifi.o(i.WiFi_SendDataToLink)
    WiFi_UpdateStatus                        0x0800555d   Thumb Code    56  wifi.o(i.WiFi_UpdateStatus)
    __0snprintf$6                            0x08005599   Thumb Code    48  printf6.o(i.__0snprintf$6)
    __1snprintf$6                            0x08005599   Thumb Code     0  printf6.o(i.__0snprintf$6)
    __2snprintf                              0x08005599   Thumb Code     0  printf6.o(i.__0snprintf$6)
    __scatterload_copy                       0x080055ed   Thumb Code    14  handlers.o(i.__scatterload_copy)
    __scatterload_null                       0x080055fb   Thumb Code     2  handlers.o(i.__scatterload_null)
    __scatterload_zeroinit                   0x080055fd   Thumb Code    14  handlers.o(i.__scatterload_zeroinit)
    free                                     0x08005965   Thumb Code    76  malloc.o(i.free)
    main                                     0x080059b5   Thumb Code   906  main.o(i.main)
    malloc                                   0x08005ddd   Thumb Code    92  malloc.o(i.malloc)
    tts_writeData                            0x08005e49   Thumb Code    34  tw_tts.o(i.tts_writeData)
    AHBPrescTable                            0x080060d8   Data          16  system_stm32f1xx.o(.constdata)
    APBPrescTable                            0x080060e8   Data           8  system_stm32f1xx.o(.constdata)
    Region$$Table$$Base                      0x080062a8   Number         0  anon$$obj.o(Region$$Table)
    Region$$Table$$Limit                     0x080062c8   Number         0  anon$$obj.o(Region$$Table)
    wifi_rx_byte                             0x20000042   Data           1  wifi.o(.data)
    wifi_buffer_index                        0x20000044   Data           2  wifi.o(.data)
    device_state                             0x2000005e   Data           5  actuator.o(.data)
    g_last_raw                               0x2000006c   Data           4  hx711.o(.data)
    pi_weight                                0x20000070   Data           4  hx711.o(.data)
    hx711_xishu                              0x20000074   Data           4  hx711.o(.data)
    weight                                   0x20000078   Data           4  hx711.o(.data)
    rtc_time_synced                          0x2000007e   Data           1  main.o(.data)
    uart2_busy                               0x200000a4   Data           1  usart.o(.data)
    uwTickFreq                               0x200000a8   Data           1  stm32f1xx_hal.o(.data)
    uwTickPrio                               0x200000ac   Data           4  stm32f1xx_hal.o(.data)
    uwTick                                   0x200000b0   Data           4  stm32f1xx_hal.o(.data)
    SystemCoreClock                          0x200000b4   Data           4  system_stm32f1xx.o(.data)
    __microlib_freelist                      0x200000b8   Data           4  mvars.o(.data)
    __microlib_freelist_initialised          0x200000bc   Data           4  mvars.o(.data)
    wifi_buffer                              0x20000500   Data         512  wifi.o(.bss)
    hadc1                                    0x20000b48   Data          48  adc.o(.bss)
    hi2c1                                    0x20000b78   Data          84  i2c.o(.bss)
    hi2c2                                    0x20000bcc   Data          84  i2c.o(.bss)
    hrtc                                     0x20000c20   Data          20  rtc.o(.bss)
    htim3                                    0x20000c34   Data          72  tim.o(.bss)
    huart1                                   0x20000c7c   Data          72  usart.o(.bss)
    huart2                                   0x20000cc4   Data          72  usart.o(.bss)
    __heap_base                              0x20000d10   Data           0  startup_stm32f103xb.o(HEAP)
    __heap_limit                             0x20000f10   Data           0  startup_stm32f103xb.o(HEAP)
    __initial_sp                             0x20001310   Data           0  startup_stm32f103xb.o(STACK)



==============================================================================

Memory Map of the image

  Image Entry point : 0x080000ed

  Load Region LR_IROM1 (Base: 0x08000000, Size: 0x00006388, Max: 0x00010000, ABSOLUTE)

    Execution Region ER_IROM1 (Exec base: 0x08000000, Load base: 0x08000000, Size: 0x000062c8, Max: 0x00010000, ABSOLUTE)

    Exec Addr    Load Addr    Size         Type   Attr      Idx    E Section Name        Object

    0x08000000   0x08000000   0x000000ec   Data   RO            3    RESET               startup_stm32f103xb.o
    0x080000ec   0x080000ec   0x00000000   Code   RO         4682  * .ARM.Collect$$$$00000000  mc_w.l(entry.o)
    0x080000ec   0x080000ec   0x00000004   Code   RO         5006    .ARM.Collect$$$$00000001  mc_w.l(entry2.o)
    0x080000f0   0x080000f0   0x00000004   Code   RO         5009    .ARM.Collect$$$$00000004  mc_w.l(entry5.o)
    0x080000f4   0x080000f4   0x00000000   Code   RO         5011    .ARM.Collect$$$$00000008  mc_w.l(entry7b.o)
    0x080000f4   0x080000f4   0x00000000   Code   RO         5013    .ARM.Collect$$$$0000000A  mc_w.l(entry8b.o)
    0x080000f4   0x080000f4   0x00000008   Code   RO         5014    .ARM.Collect$$$$0000000B  mc_w.l(entry9a.o)
    0x080000fc   0x080000fc   0x00000004   Code   RO         5021    .ARM.Collect$$$$0000000E  mc_w.l(entry12b.o)
    0x08000100   0x08000100   0x00000000   Code   RO         5016    .ARM.Collect$$$$0000000F  mc_w.l(entry10a.o)
    0x08000100   0x08000100   0x00000000   Code   RO         5018    .ARM.Collect$$$$00000011  mc_w.l(entry11a.o)
    0x08000100   0x08000100   0x00000004   Code   RO         5007    .ARM.Collect$$$$00002712  mc_w.l(entry2.o)
    0x08000104   0x08000104   0x00000024   Code   RO            4    .text               startup_stm32f103xb.o
    0x08000128   0x08000128   0x00000024   Code   RO         4687    .text               mc_w.l(memcpya.o)
    0x0800014c   0x0800014c   0x00000024   Code   RO         4689    .text               mc_w.l(memseta.o)
    0x08000170   0x08000170   0x00000024   Code   RO         4691    .text               mc_w.l(strstr.o)
    0x08000194   0x08000194   0x00000018   Code   RO         4693    .text               mc_w.l(strncpy.o)
    0x080001ac   0x080001ac   0x00000014   Code   RO         4695    .text               mc_w.l(strchr.o)
    0x080001c0   0x080001c0   0x0000000e   Code   RO         4697    .text               mc_w.l(strlen.o)
    0x080001ce   0x080001ce   0x0000001c   Code   RO         4699    .text               mc_w.l(strcmp.o)
    0x080001ea   0x080001ea   0x0000001e   Code   RO         4701    .text               mc_w.l(strncmp.o)
    0x08000208   0x08000208   0x000000b0   Code   RO         4994    .text               mf_w.l(fadd.o)
    0x080002b8   0x080002b8   0x00000064   Code   RO         4996    .text               mf_w.l(fmul.o)
    0x0800031c   0x0800031c   0x0000007c   Code   RO         4998    .text               mf_w.l(fdiv.o)
    0x08000398   0x08000398   0x00000012   Code   RO         5000    .text               mf_w.l(fflti.o)
    0x080003aa   0x080003aa   0x0000000a   Code   RO         5002    .text               mf_w.l(ffltui.o)
    0x080003b4   0x080003b4   0x00000028   Code   RO         5004    .text               mf_w.l(ffixui.o)
    0x080003dc   0x080003dc   0x0000002c   Code   RO         5025    .text               mc_w.l(uidiv.o)
    0x08000408   0x08000408   0x00000000   Code   RO         5031    .text               mc_w.l(iusefp.o)
    0x08000408   0x08000408   0x0000006e   Code   RO         5032    .text               mf_w.l(fepilogue.o)
    0x08000476   0x08000476   0x00000002   PAD
    0x08000478   0x08000478   0x00000024   Code   RO         5044    .text               mc_w.l(init.o)
    0x0800049c   0x0800049c   0x0000000c   Code   RO         1140    i.ADC1_2_IRQHandler  stm32f1xx_it.o
    0x080004a8   0x080004a8   0x00000056   Code   RO         1349    i.ADC_ConversionStop_Disable  stm32f1xx_hal_adc.o
    0x080004fe   0x080004fe   0x00000002   PAD
    0x08000500   0x08000500   0x0000007c   Code   RO         1353    i.ADC_Enable        stm32f1xx_hal_adc.o
    0x0800057c   0x0800057c   0x0000001c   Code   RO          583    i.Actuator_GetThresholds  actuator.o
    0x08000598   0x08000598   0x00000040   Code   RO          584    i.Actuator_Init     actuator.o
    0x080005d8   0x080005d8   0x00000034   Code   RO          585    i.Actuator_SetThresholds  actuator.o
    0x0800060c   0x0800060c   0x000000cc   Code   RO          586    i.Actuator_Update   actuator.o
    0x080006d8   0x080006d8   0x00000002   Code   RO         1141    i.BusFault_Handler  stm32f1xx_it.o
    0x080006da   0x080006da   0x00000002   PAD
    0x080006dc   0x080006dc   0x000000e4   Code   RO          202    i.CW2015_Init       cw2015.o
    0x080007c0   0x080007c0   0x000000b0   Code   RO          203    i.CW2015_ReadData   cw2015.o
    0x08000870   0x08000870   0x00000080   Code   RO          204    i.CW2015_ScanAddr   cw2015.o
    0x080008f0   0x080008f0   0x00000034   Code   RO          631    i.DHT11_Init        dht11.o
    0x08000924   0x08000924   0x00000078   Code   RO          632    i.DHT11_ReadByte    dht11.o
    0x0800099c   0x0800099c   0x000000e4   Code   RO          633    i.DHT11_ReadData    dht11.o
    0x08000a80   0x08000a80   0x00000002   Code   RO         1142    i.DebugMon_Handler  stm32f1xx_it.o
    0x08000a82   0x08000a82   0x00000004   Code   RO          814    i.Error_Handler     main.o
    0x08000a86   0x08000a86   0x00000002   Code   RO         1531    i.HAL_ADCEx_InjectedConvCpltCallback  stm32f1xx_hal_adc_ex.o
    0x08000a88   0x08000a88   0x000000fc   Code   RO         1355    i.HAL_ADC_ConfigChannel  stm32f1xx_hal_adc.o
    0x08000b84   0x08000b84   0x00000002   Code   RO         1356    i.HAL_ADC_ConvCpltCallback  stm32f1xx_hal_adc.o
    0x08000b86   0x08000b86   0x00000006   Code   RO         1362    i.HAL_ADC_GetValue  stm32f1xx_hal_adc.o
    0x08000b8c   0x08000b8c   0x000000dc   Code   RO         1363    i.HAL_ADC_IRQHandler  stm32f1xx_hal_adc.o
    0x08000c68   0x08000c68   0x0000011c   Code   RO         1364    i.HAL_ADC_Init      stm32f1xx_hal_adc.o
    0x08000d84   0x08000d84   0x00000002   Code   RO         1365    i.HAL_ADC_LevelOutOfWindowCallback  stm32f1xx_hal_adc.o
    0x08000d86   0x08000d86   0x00000002   PAD
    0x08000d88   0x08000d88   0x00000068   Code   RO          905    i.HAL_ADC_MspInit   adc.o
    0x08000df0   0x08000df0   0x0000013c   Code   RO         1368    i.HAL_ADC_PollForConversion  stm32f1xx_hal_adc.o
    0x08000f2c   0x08000f2c   0x000000c0   Code   RO         1370    i.HAL_ADC_Start     stm32f1xx_hal_adc.o
    0x08000fec   0x08000fec   0x00000034   Code   RO         1373    i.HAL_ADC_Stop      stm32f1xx_hal_adc.o
    0x08001020   0x08001020   0x00000046   Code   RO         2006    i.HAL_DMA_Abort     stm32f1xx_hal_dma.o
    0x08001066   0x08001066   0x00000002   PAD
    0x08001068   0x08001068   0x00000098   Code   RO         2007    i.HAL_DMA_Abort_IT  stm32f1xx_hal_dma.o
    0x08001100   0x08001100   0x00000024   Code   RO         1632    i.HAL_Delay         stm32f1xx_hal.o
    0x08001124   0x08001124   0x00000024   Code   RO          815    i.HAL_Delay_us      main.o
    0x08001148   0x08001148   0x00000118   Code   RO         1939    i.HAL_GPIO_DeInit   stm32f1xx_hal_gpio.o
    0x08001260   0x08001260   0x000001e0   Code   RO         1942    i.HAL_GPIO_Init     stm32f1xx_hal_gpio.o
    0x08001440   0x08001440   0x0000000a   Code   RO         1944    i.HAL_GPIO_ReadPin  stm32f1xx_hal_gpio.o
    0x0800144a   0x0800144a   0x0000000a   Code   RO         1946    i.HAL_GPIO_WritePin  stm32f1xx_hal_gpio.o
    0x08001454   0x08001454   0x0000000c   Code   RO         1636    i.HAL_GetTick       stm32f1xx_hal.o
    0x08001460   0x08001460   0x00000032   Code   RO         2604    i.HAL_I2C_DeInit    stm32f1xx_hal_i2c.o
    0x08001492   0x08001492   0x00000002   PAD
    0x08001494   0x08001494   0x00000188   Code   RO         2613    i.HAL_I2C_Init      stm32f1xx_hal_i2c.o
    0x0800161c   0x0800161c   0x0000012c   Code   RO         2626    i.HAL_I2C_Master_Transmit  stm32f1xx_hal_i2c.o
    0x08001748   0x08001748   0x00000130   Code   RO         2634    i.HAL_I2C_Mem_Write  stm32f1xx_hal_i2c.o
    0x08001878   0x08001878   0x00000058   Code   RO          946    i.HAL_I2C_MspDeInit  i2c.o
    0x080018d0   0x080018d0   0x00000098   Code   RO          947    i.HAL_I2C_MspInit   i2c.o
    0x08001968   0x08001968   0x00000010   Code   RO         1642    i.HAL_IncTick       stm32f1xx_hal.o
    0x08001978   0x08001978   0x00000024   Code   RO         1643    i.HAL_Init          stm32f1xx_hal.o
    0x0800199c   0x0800199c   0x00000040   Code   RO         1644    i.HAL_InitTick      stm32f1xx_hal.o
    0x080019dc   0x080019dc   0x0000003c   Code   RO         1246    i.HAL_MspInit       stm32f1xx_hal_msp.o
    0x08001a18   0x08001a18   0x0000001a   Code   RO         2102    i.HAL_NVIC_EnableIRQ  stm32f1xx_hal_cortex.o
    0x08001a32   0x08001a32   0x00000002   PAD
    0x08001a34   0x08001a34   0x00000040   Code   RO         2108    i.HAL_NVIC_SetPriority  stm32f1xx_hal_cortex.o
    0x08001a74   0x08001a74   0x00000024   Code   RO         2109    i.HAL_NVIC_SetPriorityGrouping  stm32f1xx_hal_cortex.o
    0x08001a98   0x08001a98   0x0000000c   Code   RO         2224    i.HAL_PWR_EnableBkUpAccess  stm32f1xx_hal_pwr.o
    0x08001aa4   0x08001aa4   0x000000a4   Code   RO         1903    i.HAL_RCCEx_GetPeriphCLKFreq  stm32f1xx_hal_rcc_ex.o
    0x08001b48   0x08001b48   0x000000ec   Code   RO         1904    i.HAL_RCCEx_PeriphCLKConfig  stm32f1xx_hal_rcc_ex.o
    0x08001c34   0x08001c34   0x0000012c   Code   RO         1800    i.HAL_RCC_ClockConfig  stm32f1xx_hal_rcc.o
    0x08001d60   0x08001d60   0x00000020   Code   RO         1807    i.HAL_RCC_GetPCLK1Freq  stm32f1xx_hal_rcc.o
    0x08001d80   0x08001d80   0x00000020   Code   RO         1808    i.HAL_RCC_GetPCLK2Freq  stm32f1xx_hal_rcc.o
    0x08001da0   0x08001da0   0x0000004c   Code   RO         1809    i.HAL_RCC_GetSysClockFreq  stm32f1xx_hal_rcc.o
    0x08001dec   0x08001dec   0x00000320   Code   RO         1812    i.HAL_RCC_OscConfig  stm32f1xx_hal_rcc.o
    0x0800210c   0x0800210c   0x00000010   Code   RO         3209    i.HAL_RTCEx_BKUPRead  stm32f1xx_hal_rtc_ex.o
    0x0800211c   0x0800211c   0x00000010   Code   RO         3210    i.HAL_RTCEx_BKUPWrite  stm32f1xx_hal_rtc_ex.o
    0x0800212c   0x0800212c   0x00000002   Code   RO         3214    i.HAL_RTCEx_RTCEventCallback  stm32f1xx_hal_rtc_ex.o
    0x0800212e   0x0800212e   0x00000002   Code   RO         3215    i.HAL_RTCEx_RTCEventErrorCallback  stm32f1xx_hal_rtc_ex.o
    0x08002130   0x08002130   0x0000003e   Code   RO         3216    i.HAL_RTCEx_RTCIRQHandler  stm32f1xx_hal_rtc_ex.o
    0x0800216e   0x0800216e   0x00000002   Code   RO         3039    i.HAL_RTC_AlarmAEventCallback  stm32f1xx_hal_rtc.o
    0x08002170   0x08002170   0x00000034   Code   RO         3040    i.HAL_RTC_AlarmIRQHandler  stm32f1xx_hal_rtc.o
    0x080021a4   0x080021a4   0x0000004e   Code   RO         3044    i.HAL_RTC_GetDate   stm32f1xx_hal_rtc.o
    0x080021f2   0x080021f2   0x000000d8   Code   RO         3046    i.HAL_RTC_GetTime   stm32f1xx_hal_rtc.o
    0x080022ca   0x080022ca   0x00000002   PAD
    0x080022cc   0x080022cc   0x00000094   Code   RO         3047    i.HAL_RTC_Init      stm32f1xx_hal_rtc.o
    0x08002360   0x08002360   0x00000058   Code   RO          995    i.HAL_RTC_MspInit   rtc.o
    0x080023b8   0x080023b8   0x000000c4   Code   RO         3053    i.HAL_RTC_SetDate   stm32f1xx_hal_rtc.o
    0x0800247c   0x0800247c   0x000000ac   Code   RO         3054    i.HAL_RTC_SetTime   stm32f1xx_hal_rtc.o
    0x08002528   0x08002528   0x0000003a   Code   RO         3055    i.HAL_RTC_WaitForSynchro  stm32f1xx_hal_rtc.o
    0x08002562   0x08002562   0x00000028   Code   RO         2113    i.HAL_SYSTICK_Config  stm32f1xx_hal_cortex.o
    0x0800258a   0x0800258a   0x00000002   PAD
    0x0800258c   0x0800258c   0x00000068   Code   RO         4036    i.HAL_TIMEx_MasterConfigSynchronization  stm32f1xx_hal_tim_ex.o
    0x080025f4   0x080025f4   0x0000004c   Code   RO         1043    i.HAL_TIM_MspPostInit  tim.o
    0x08002640   0x08002640   0x000000cc   Code   RO         3385    i.HAL_TIM_PWM_ConfigChannel  stm32f1xx_hal_tim.o
    0x0800270c   0x0800270c   0x0000005a   Code   RO         3388    i.HAL_TIM_PWM_Init  stm32f1xx_hal_tim.o
    0x08002766   0x08002766   0x00000002   PAD
    0x08002768   0x08002768   0x00000028   Code   RO         1045    i.HAL_TIM_PWM_MspInit  tim.o
    0x08002790   0x08002790   0x0000009c   Code   RO         3393    i.HAL_TIM_PWM_Start  stm32f1xx_hal_tim.o
    0x0800282c   0x0800282c   0x00000002   Code   RO         4296    i.HAL_UARTEx_RxEventCallback  stm32f1xx_hal_uart.o
    0x0800282e   0x0800282e   0x00000002   Code   RO         4310    i.HAL_UART_ErrorCallback  stm32f1xx_hal_uart.o
    0x08002830   0x08002830   0x0000026c   Code   RO         4313    i.HAL_UART_IRQHandler  stm32f1xx_hal_uart.o
    0x08002a9c   0x08002a9c   0x00000064   Code   RO         4314    i.HAL_UART_Init     stm32f1xx_hal_uart.o
    0x08002b00   0x08002b00   0x000000d8   Code   RO         1092    i.HAL_UART_MspInit  usart.o
    0x08002bd8   0x08002bd8   0x0000001c   Code   RO         4319    i.HAL_UART_Receive_IT  stm32f1xx_hal_uart.o
    0x08002bf4   0x08002bf4   0x00000044   Code   RO          816    i.HAL_UART_RxCpltCallback  main.o
    0x08002c38   0x08002c38   0x000000a0   Code   RO         4322    i.HAL_UART_Transmit  stm32f1xx_hal_uart.o
    0x08002cd8   0x08002cd8   0x00000002   Code   RO         4325    i.HAL_UART_TxCpltCallback  stm32f1xx_hal_uart.o
    0x08002cda   0x08002cda   0x0000001a   Code   RO          669    i.HX711_DelayUs     hx711.o
    0x08002cf4   0x08002cf4   0x00000060   Code   RO          670    i.HX711_GetWeight   hx711.o
    0x08002d54   0x08002d54   0x0000005c   Code   RO          671    i.HX711_Init        hx711.o
    0x08002db0   0x08002db0   0x00000098   Code   RO          673    i.HX711_ReadRaw     hx711.o
    0x08002e48   0x08002e48   0x00000002   Code   RO         1143    i.HardFault_Handler  stm32f1xx_it.o
    0x08002e4a   0x08002e4a   0x0000002e   Code   RO         2656    i.I2C_IsAcknowledgeFailed  stm32f1xx_hal_i2c.o
    0x08002e78   0x08002e78   0x0000009c   Code   RO         2660    i.I2C_MasterRequestWrite  stm32f1xx_hal_i2c.o
    0x08002f14   0x08002f14   0x000000a8   Code   RO         2667    i.I2C_RequestMemoryWrite  stm32f1xx_hal_i2c.o
    0x08002fbc   0x08002fbc   0x00000056   Code   RO         2671    i.I2C_WaitOnBTFFlagUntilTimeout  stm32f1xx_hal_i2c.o
    0x08003012   0x08003012   0x00000002   PAD
    0x08003014   0x08003014   0x00000090   Code   RO         2672    i.I2C_WaitOnFlagUntilTimeout  stm32f1xx_hal_i2c.o
    0x080030a4   0x080030a4   0x000000bc   Code   RO         2673    i.I2C_WaitOnMasterAddressFlagUntilTimeout  stm32f1xx_hal_i2c.o
    0x08003160   0x08003160   0x00000056   Code   RO         2675    i.I2C_WaitOnTXEFlagUntilTimeout  stm32f1xx_hal_i2c.o
    0x080031b6   0x080031b6   0x00000002   PAD
    0x080031b8   0x080031b8   0x0000004c   Code   RO          770    i.Key_Init          key.o
    0x08003204   0x08003204   0x00000088   Code   RO          771    i.Key_OnPress       key.o
    0x0800328c   0x0800328c   0x00000098   Code   RO          772    i.Key_Process       key.o
    0x08003324   0x08003324   0x00000040   Code   RO          739    i.LightSensor_GetPercent  light_sensor.o
    0x08003364   0x08003364   0x0000004c   Code   RO          906    i.MX_ADC1_Init      adc.o
    0x080033b0   0x080033b0   0x000000e4   Code   RO          880    i.MX_GPIO_Init      gpio.o
    0x08003494   0x08003494   0x00000040   Code   RO          948    i.MX_I2C1_Init      i2c.o
    0x080034d4   0x080034d4   0x00000040   Code   RO          949    i.MX_I2C2_Init      i2c.o
    0x08003514   0x08003514   0x00000088   Code   RO          996    i.MX_RTC_Init       rtc.o
    0x0800359c   0x0800359c   0x00000070   Code   RO         1046    i.MX_TIM3_Init      tim.o
    0x0800360c   0x0800360c   0x00000038   Code   RO         1093    i.MX_USART1_UART_Init  usart.o
    0x08003644   0x08003644   0x00000038   Code   RO         1094    i.MX_USART2_UART_Init  usart.o
    0x0800367c   0x0800367c   0x00000002   Code   RO         1144    i.MemManage_Handler  stm32f1xx_it.o
    0x0800367e   0x0800367e   0x00000002   Code   RO         1145    i.NMI_Handler       stm32f1xx_it.o
    0x08003680   0x08003680   0x00000010   Code   RO           13    i.OLED_Clear        oled.o
    0x08003690   0x08003690   0x000000aa   Code   RO           14    i.OLED_Init         oled.o
    0x0800373a   0x0800373a   0x00000002   PAD
    0x0800373c   0x0800373c   0x00000044   Code   RO           15    i.OLED_ShowChar     oled.o
    0x08003780   0x08003780   0x00000038   Code   RO           17    i.OLED_ShowNum      oled.o
    0x080037b8   0x080037b8   0x00000028   Code   RO           18    i.OLED_ShowPercent  oled.o
    0x080037e0   0x080037e0   0x00000024   Code   RO           19    i.OLED_ShowString   oled.o
    0x08003804   0x08003804   0x0000004c   Code   RO           20    i.OLED_UpdateDisplay  oled.o
    0x08003850   0x08003850   0x00000020   Code   RO           21    i.OLED_WriteCmd     oled.o
    0x08003870   0x08003870   0x00000002   Code   RO         1146    i.PendSV_Handler    stm32f1xx_it.o
    0x08003872   0x08003872   0x00000002   PAD
    0x08003874   0x08003874   0x0000000c   Code   RO         1147    i.RTC_Alarm_IRQHandler  stm32f1xx_it.o
    0x08003880   0x08003880   0x00000012   Code   RO         3056    i.RTC_Bcd2ToByte    stm32f1xx_hal_rtc.o
    0x08003892   0x08003892   0x00000016   Code   RO         3057    i.RTC_ByteToBcd2    stm32f1xx_hal_rtc.o
    0x080038a8   0x080038a8   0x000000ae   Code   RO         3058    i.RTC_DateUpdate    stm32f1xx_hal_rtc.o
    0x08003956   0x08003956   0x00000034   Code   RO         3059    i.RTC_EnterInitMode  stm32f1xx_hal_rtc.o
    0x0800398a   0x0800398a   0x00000002   PAD
    0x0800398c   0x0800398c   0x00000036   Code   RO         3060    i.RTC_ExitInitMode  stm32f1xx_hal_rtc.o
    0x080039c2   0x080039c2   0x00000002   PAD
    0x080039c4   0x080039c4   0x0000000c   Code   RO         1148    i.RTC_IRQHandler    stm32f1xx_it.o
    0x080039d0   0x080039d0   0x0000000e   Code   RO         3061    i.RTC_ReadAlarmCounter  stm32f1xx_hal_rtc.o
    0x080039de   0x080039de   0x00000020   Code   RO         3062    i.RTC_ReadTimeCounter  stm32f1xx_hal_rtc.o
    0x080039fe   0x080039fe   0x00000002   PAD
    0x08003a00   0x08003a00   0x0000005c   Code   RO          997    i.RTC_SetDateTime   rtc.o
    0x08003a5c   0x08003a5c   0x00000056   Code   RO         3063    i.RTC_WeekDayNum    stm32f1xx_hal_rtc.o
    0x08003ab2   0x08003ab2   0x00000028   Code   RO         3064    i.RTC_WriteAlarmCounter  stm32f1xx_hal_rtc.o
    0x08003ada   0x08003ada   0x00000028   Code   RO         3065    i.RTC_WriteTimeCounter  stm32f1xx_hal_rtc.o
    0x08003b02   0x08003b02   0x00000002   Code   RO         1149    i.SVC_Handler       stm32f1xx_it.o
    0x08003b04   0x08003b04   0x00000070   Code   RO          205    i.SW_I2C_BusRecovery  cw2015.o
    0x08003b74   0x08003b74   0x0000001a   Code   RO          206    i.SW_I2C_Delay      cw2015.o
    0x08003b8e   0x08003b8e   0x000000be   Code   RO          207    i.SW_I2C_ReadReg    cw2015.o
    0x08003c4c   0x08003c4c   0x00000010   Code   RO          208    i.SW_I2C_SCL_H      cw2015.o
    0x08003c5c   0x08003c5c   0x00000010   Code   RO          209    i.SW_I2C_SCL_L      cw2015.o
    0x08003c6c   0x08003c6c   0x0000001c   Code   RO          210    i.SW_I2C_SDA_L      cw2015.o
    0x08003c88   0x08003c88   0x00000010   Code   RO          211    i.SW_I2C_SDA_Read   cw2015.o
    0x08003c98   0x08003c98   0x0000003a   Code   RO          212    i.SW_I2C_SendByte   cw2015.o
    0x08003cd2   0x08003cd2   0x0000002a   Code   RO          213    i.SW_I2C_Start      cw2015.o
    0x08003cfc   0x08003cfc   0x00000022   Code   RO          214    i.SW_I2C_Stop       cw2015.o
    0x08003d1e   0x08003d1e   0x0000003c   Code   RO          215    i.SW_I2C_WaitAck    cw2015.o
    0x08003d5a   0x08003d5a   0x00000054   Code   RO          216    i.SW_I2C_WriteReg   cw2015.o
    0x08003dae   0x08003dae   0x00000002   PAD
    0x08003db0   0x08003db0   0x00000020   Code   RO          217    i.SW_SDA_In         cw2015.o
    0x08003dd0   0x08003dd0   0x00000024   Code   RO          218    i.SW_SDA_Out        cw2015.o
    0x08003df4   0x08003df4   0x00000028   Code   RO          521    i.Servo_Close       servo.o
    0x08003e1c   0x08003e1c   0x00000028   Code   RO          523    i.Servo_Init        servo.o
    0x08003e44   0x08003e44   0x00000010   Code   RO          524    i.Servo_IsOpen      servo.o
    0x08003e54   0x08003e54   0x00000028   Code   RO          525    i.Servo_Open        servo.o
    0x08003e7c   0x08003e7c   0x00000014   Code   RO          526    i.Servo_Toggle      servo.o
    0x08003e90   0x08003e90   0x0000002e   Code   RO          676    i.Sort              hx711.o
    0x08003ebe   0x08003ebe   0x00000004   Code   RO         1150    i.SysTick_Handler   stm32f1xx_it.o
    0x08003ec2   0x08003ec2   0x00000086   Code   RO          817    i.SystemClock_Config  main.o
    0x08003f48   0x08003f48   0x00000002   Code   RO         4648    i.SystemInit        system_stm32f1xx.o
    0x08003f4a   0x08003f4a   0x00000002   PAD
    0x08003f4c   0x08003f4c   0x00000078   Code   RO         3406    i.TIM_Base_SetConfig  stm32f1xx_hal_tim.o
    0x08003fc4   0x08003fc4   0x0000001a   Code   RO         3407    i.TIM_CCxChannelCmd  stm32f1xx_hal_tim.o
    0x08003fde   0x08003fde   0x00000002   PAD
    0x08003fe0   0x08003fe0   0x00000050   Code   RO         3419    i.TIM_OC1_SetConfig  stm32f1xx_hal_tim.o
    0x08004030   0x08004030   0x00000058   Code   RO         3420    i.TIM_OC2_SetConfig  stm32f1xx_hal_tim.o
    0x08004088   0x08004088   0x00000058   Code   RO         3421    i.TIM_OC3_SetConfig  stm32f1xx_hal_tim.o
    0x080040e0   0x080040e0   0x00000044   Code   RO         3422    i.TIM_OC4_SetConfig  stm32f1xx_hal_tim.o
    0x08004124   0x08004124   0x00000084   Code   RO          432    i.TTS_CheckReminders  tw_tts.o
    0x080041a8   0x080041a8   0x0000000c   Code   RO          433    i.TTS_GetVolume     tw_tts.o
    0x080041b4   0x080041b4   0x0000003c   Code   RO          434    i.TTS_Init          tw_tts.o
    0x080041f0   0x080041f0   0x00000054   Code   RO          773    i.TTS_PLAY1         key.o
    0x08004244   0x08004244   0x0000001c   Code   RO          435    i.TTS_SetReminder   tw_tts.o
    0x08004260   0x08004260   0x00000028   Code   RO          436    i.TTS_SetVolume100  tw_tts.o
    0x08004288   0x08004288   0x0000001c   Code   RO          437    i.TTS_VolumeDown    tw_tts.o
    0x080042a4   0x080042a4   0x0000001c   Code   RO          438    i.TTS_VolumeUp      tw_tts.o
    0x080042c0   0x080042c0   0x00000066   Code   RO          439    i.TTS_play          tw_tts.o
    0x08004326   0x08004326   0x00000002   PAD
    0x08004328   0x08004328   0x00000030   Code   RO          441    i.TTS_volume        tw_tts.o
    0x08004358   0x08004358   0x00000010   Code   RO         4327    i.UART_DMAAbortOnError  stm32f1xx_hal_uart.o
    0x08004368   0x08004368   0x0000004e   Code   RO         4337    i.UART_EndRxTransfer  stm32f1xx_hal_uart.o
    0x080043b6   0x080043b6   0x000000c2   Code   RO         4339    i.UART_Receive_IT   stm32f1xx_hal_uart.o
    0x08004478   0x08004478   0x000000b8   Code   RO         4340    i.UART_SetConfig    stm32f1xx_hal_uart.o
    0x08004530   0x08004530   0x00000036   Code   RO         4342    i.UART_Start_Receive_IT  stm32f1xx_hal_uart.o
    0x08004566   0x08004566   0x00000072   Code   RO         4343    i.UART_WaitOnFlagUntilTimeout  stm32f1xx_hal_uart.o
    0x080045d8   0x080045d8   0x0000000c   Code   RO         1151    i.USART1_IRQHandler  stm32f1xx_it.o
    0x080045e4   0x080045e4   0x0000000c   Code   RO         1152    i.USART2_IRQHandler  stm32f1xx_it.o
    0x080045f0   0x080045f0   0x00000002   Code   RO         1153    i.UsageFault_Handler  stm32f1xx_it.o
    0x080045f2   0x080045f2   0x00000002   PAD
    0x080045f4   0x080045f4   0x000000f0   Code   RO          312    i.WiFi_Connect      wifi.o
    0x080046e4   0x080046e4   0x00000024   Code   RO          313    i.WiFi_GetCommand   wifi.o
    0x08004708   0x08004708   0x00000008   Code   RO          314    i.WiFi_GetState     wifi.o
    0x08004710   0x08004710   0x0000062c   Code   RO          315    i.WiFi_HandleAPIRequest  wifi.o
    0x08004d3c   0x08004d3c   0x000000f0   Code   RO          316    i.WiFi_Init         wifi.o
    0x08004e2c   0x08004e2c   0x00000036   Code   RO          317    i.WiFi_ParseInt     wifi.o
    0x08004e62   0x08004e62   0x00000026   Code   RO          318    i.WiFi_ParseUint    wifi.o
    0x08004e88   0x08004e88   0x0000040c   Code   RO          319    i.WiFi_ProcessBuffer  wifi.o
    0x08005294   0x08005294   0x000000cc   Code   RO          320    i.WiFi_QueryIP      wifi.o
    0x08005360   0x08005360   0x000000b8   Code   RO          321    i.WiFi_SendCmd      wifi.o
    0x08005418   0x08005418   0x000000ec   Code   RO          322    i.WiFi_SendDataToLink  wifi.o
    0x08005504   0x08005504   0x00000058   Code   RO          323    i.WiFi_SendFullHTTPResponse  wifi.o
    0x0800555c   0x0800555c   0x0000003c   Code   RO          324    i.WiFi_UpdateStatus  wifi.o
    0x08005598   0x08005598   0x00000034   Code   RO         4861    i.__0snprintf$6     mc_w.l(printf6.o)
    0x080055cc   0x080055cc   0x00000020   Code   RO         2115    i.__NVIC_SetPriority  stm32f1xx_hal_cortex.o
    0x080055ec   0x080055ec   0x0000000e   Code   RO         5056    i.__scatterload_copy  mc_w.l(handlers.o)
    0x080055fa   0x080055fa   0x00000002   Code   RO         5057    i.__scatterload_null  mc_w.l(handlers.o)
    0x080055fc   0x080055fc   0x0000000e   Code   RO         5058    i.__scatterload_zeroinit  mc_w.l(handlers.o)
    0x0800560a   0x0800560a   0x00000002   PAD
    0x0800560c   0x0800560c   0x000002f0   Code   RO         4867    i._printf_core      mc_w.l(printf6.o)
    0x080058fc   0x080058fc   0x00000024   Code   RO         4868    i._printf_post_padding  mc_w.l(printf6.o)
    0x08005920   0x08005920   0x0000002e   Code   RO         4869    i._printf_pre_padding  mc_w.l(printf6.o)
    0x0800594e   0x0800594e   0x00000016   Code   RO         4870    i._snputc           mc_w.l(printf6.o)
    0x08005964   0x08005964   0x00000050   Code   RO         4966    i.free              mc_w.l(malloc.o)
    0x080059b4   0x080059b4   0x00000428   Code   RO          818    i.main              main.o
    0x08005ddc   0x08005ddc   0x0000006c   Code   RO         4967    i.malloc            mc_w.l(malloc.o)
    0x08005e48   0x08005e48   0x0000002c   Code   RO          442    i.tts_writeData     tw_tts.o
    0x08005e74   0x08005e74   0x00000240   Data   RO           23    .constdata          oled.o
    0x080060b4   0x080060b4   0x00000012   Data   RO         1813    .constdata          stm32f1xx_hal_rcc.o
    0x080060c6   0x080060c6   0x00000012   Data   RO         1905    .constdata          stm32f1xx_hal_rcc_ex.o
    0x080060d8   0x080060d8   0x00000010   Data   RO         4649    .constdata          system_stm32f1xx.o
    0x080060e8   0x080060e8   0x00000008   Data   RO         4650    .constdata          system_stm32f1xx.o
    0x080060f0   0x080060f0   0x000001b7   Data   RO          326    .conststring        wifi.o
    0x080062a7   0x080062a7   0x00000001   PAD
    0x080062a8   0x080062a8   0x00000020   Data   RO         5054    Region$$Table       anon$$obj.o


    Execution Region RW_IRAM1 (Exec base: 0x20000000, Load base: 0x080062c8, Size: 0x00001310, Max: 0x00005000, ABSOLUTE)

    Exec Addr    Load Addr    Size         Type   Attr      Idx    E Section Name        Object

    0x20000000   0x080062c8   0x00000041   Data   RW          219    .data               cw2015.o
    0x20000041   0x08006309   0x00000001   PAD
    0x20000042   0x0800630a   0x00000006   Data   RW          327    .data               wifi.o
    0x20000048   0x08006310   0x0000000e   Data   RW          444    .data               tw_tts.o
    0x20000056   0x0800631e   0x00000002   Data   RW          527    .data               servo.o
    0x20000058   0x08006320   0x0000000b   Data   RW          587    .data               actuator.o
    0x20000063   0x0800632b   0x00000001   PAD
    0x20000064   0x0800632c   0x00000018   Data   RW          677    .data               hx711.o
    0x2000007c   0x08006344   0x00000028   Data   RW          819    .data               main.o
    0x200000a4   0x0800636c   0x00000001   Data   RW         1096    .data               usart.o
    0x200000a5   0x0800636d   0x00000003   PAD
    0x200000a8   0x08006370   0x0000000c   Data   RW         1650    .data               stm32f1xx_hal.o
    0x200000b4   0x0800637c   0x00000004   Data   RW         4651    .data               system_stm32f1xx.o
    0x200000b8   0x08006380   0x00000004   Data   RW         5029    .data               mc_w.l(mvars.o)
    0x200000bc   0x08006384   0x00000004   Data   RW         5030    .data               mc_w.l(mvars.o)
    0x200000c0        -       0x00000400   Zero   RW           22    .bss                oled.o
    0x200004c0        -       0x00000640   Zero   RW          325    .bss                wifi.o
    0x20000b00        -       0x00000009   Zero   RW          443    .bss                tw_tts.o
    0x20000b09   0x08006388   0x00000003   PAD
    0x20000b0c        -       0x0000003c   Zero   RW          774    .bss                key.o
    0x20000b48        -       0x00000030   Zero   RW          907    .bss                adc.o
    0x20000b78        -       0x000000a8   Zero   RW          950    .bss                i2c.o
    0x20000c20        -       0x00000014   Zero   RW          998    .bss                rtc.o
    0x20000c34        -       0x00000048   Zero   RW         1047    .bss                tim.o
    0x20000c7c        -       0x00000090   Zero   RW         1095    .bss                usart.o
    0x20000d0c   0x08006388   0x00000004   PAD
    0x20000d10        -       0x00000200   Zero   RW            2    HEAP                startup_stm32f103xb.o
    0x20000f10        -       0x00000400   Zero   RW            1    STACK               startup_stm32f103xb.o


==============================================================================

Image component sizes


      Code (inc. data)   RO Data    RW Data    ZI Data      Debug   Object Name

       348         34          0         11          0       3283   actuator.o
       180         20          0          0         48       1577   adc.o
      1282         68          0         65          0      10804   cw2015.o
       400         14          0          0          0       2630   dht11.o
       228         12          0          0          0        963   gpio.o
       412         30          0         24          0       3925   hx711.o
       368         62          0          0        168       2758   i2c.o
       448        104          0          0         60       2970   key.o
        64          6          0          0          0        609   light_sensor.o
      1306        188          0         40          0       5440   main.o
       494         34        576          0       1024     468048   oled.o
       316         30          0          0         20       2289   rtc.o
       156         36          0          2          0       2664   servo.o
        36          8        236          0       1536        784   startup_stm32f103xb.o
       164         28          0         12          0       5761   stm32f1xx_hal.o
      1536         54          0          0          0       8914   stm32f1xx_hal_adc.o
         2          0          0          0          0       1021   stm32f1xx_hal_adc_ex.o
       198         14          0          0          0      28867   stm32f1xx_hal_cortex.o
       222          4          0          0          0       1719   stm32f1xx_hal_dma.o
       780         60          0          0          0       4397   stm32f1xx_hal_gpio.o
      1920         48          0          0          0      11802   stm32f1xx_hal_i2c.o
        60          8          0          0          0        838   stm32f1xx_hal_msp.o
        12          4          0          0          0        495   stm32f1xx_hal_pwr.o
      1240         84         18          0          0       5016   stm32f1xx_hal_rcc.o
       400         28         18          0          0       2417   stm32f1xx_hal_rcc_ex.o
      1454         16          0          0          0      13524   stm32f1xx_hal_rtc.o
        98         10          0          0          0       3248   stm32f1xx_hal_rtc_ex.o
       920         44          0          0          0       7774   stm32f1xx_hal_tim.o
       104         12          0          0          0       1324   stm32f1xx_hal_tim_ex.o
      1554         10          0          0          0      10708   stm32f1xx_hal_uart.o
        80         30          0          0          0       5806   stm32f1xx_it.o
         2          0         24          4          0       1067   system_stm32f1xx.o
       228         32          0          0         72       2131   tim.o
       522         56          0         14          9       5954   tw_tts.o
       328         34          0          1        144       2322   usart.o
      4004       1340        439          6       1600      14524   wifi.o

    ----------------------------------------------------------------------
     21908       2562       1344        184       4688     648373   Object Totals
         0          0         32          0          0          0   (incl. Generated)
        42          0          1          5          7          0   (incl. Padding)

    ----------------------------------------------------------------------

      Code (inc. data)   RO Data    RW Data    ZI Data      Debug   Library Member Name

         0          0          0          0          0          0   entry.o
         0          0          0          0          0          0   entry10a.o
         0          0          0          0          0          0   entry11a.o
         4          0          0          0          0          0   entry12b.o
         8          4          0          0          0          0   entry2.o
         4          0          0          0          0          0   entry5.o
         0          0          0          0          0          0   entry7b.o
         0          0          0          0          0          0   entry8b.o
         8          4          0          0          0          0   entry9a.o
        30          0          0          0          0          0   handlers.o
        36          8          0          0          0         68   init.o
         0          0          0          0          0          0   iusefp.o
       188         20          0          0          0        160   malloc.o
        36          0          0          0          0         68   memcpya.o
        36          0          0          0          0        108   memseta.o
         0          0          0          8          0          0   mvars.o
       908          8          0          0          0        424   printf6.o
        20          0          0          0          0         68   strchr.o
        28          0          0          0          0         76   strcmp.o
        14          0          0          0          0         68   strlen.o
        30          0          0          0          0         80   strncmp.o
        24          0          0          0          0         76   strncpy.o
        36          0          0          0          0         80   strstr.o
        44          0          0          0          0         80   uidiv.o
       176          0          0          0          0        140   fadd.o
       124          0          0          0          0         88   fdiv.o
       110          0          0          0          0        168   fepilogue.o
        40          0          0          0          0         68   ffixui.o
        18          0          0          0          0         68   fflti.o
        10          0          0          0          0         68   ffltui.o
       100          0          0          0          0         76   fmul.o

    ----------------------------------------------------------------------
      2036         44          0          8          0       2032   Library Totals
         4          0          0          0          0          0   (incl. Padding)

    ----------------------------------------------------------------------

      Code (inc. data)   RO Data    RW Data    ZI Data      Debug   Library Name

      1454         44          0          8          0       1356   mc_w.l
       578          0          0          0          0        676   mf_w.l

    ----------------------------------------------------------------------
      2036         44          0          8          0       2032   Library Totals

    ----------------------------------------------------------------------

==============================================================================


      Code (inc. data)   RO Data    RW Data    ZI Data      Debug   

     23944       2606       1344        192       4688     639325   Grand Totals
     23944       2606       1344        192       4688     639325   ELF Image Totals
     23944       2606       1344        192          0          0   ROM Totals

==============================================================================

    Total RO  Size (Code + RO Data)                25288 (  24.70kB)
    Total RW  Size (RW Data + ZI Data)              4880 (   4.77kB)
    Total ROM Size (Code + RO Data + RW Data)      25480 (  24.88kB)

==============================================================================

